Archive member included to satisfy reference by file (symbol)

esp-idf/esp_rom/libesp_rom.a(esp_rom_sys.c.o)
                              (__assert_func)
esp-idf/esp_rom/libesp_rom.a(esp_rom_print.c.o)
                              esp-idf/esp_rom/libesp_rom.a(esp_rom_sys.c.o) (esp_rom_printf)
esp-idf/esp_rom/libesp_rom.a(esp_rom_sys.c.o)
                              esp-idf/esp_rom/libesp_rom.a(esp_rom_print.c.o) (esp_rom_output_to_channels)
esp-idf/freertos/libfreertos.a(port_idf.c.o)
                              /usr/lib/gcc/x86_64-linux-gnu/13/../../../x86_64-linux-gnu/Scrt1.o (main)
esp-idf/freertos/libfreertos.a(tasks.c.o)
                              esp-idf/freertos/libfreertos.a(port_idf.c.o) (vTaskDelete)
esp-idf/freertos/libfreertos.a(port.c.o)
                              esp-idf/freertos/libfreertos.a(tasks.c.o) (vPortEndScheduler)
esp-idf/freertos/libfreertos.a(wait_for_event.c.o)
                              esp-idf/freertos/libfreertos.a(port.c.o) (event_create)
esp-idf/freertos/libfreertos.a(heap_idf.c.o)
                              esp-idf/freertos/libfreertos.a(tasks.c.o) (pvPortMalloc)
esp-idf/freertos/libfreertos.a(list.c.o)
                              esp-idf/freertos/libfreertos.a(tasks.c.o) (vListInitialise)
esp-idf/freertos/libfreertos.a(timers.c.o)
                              esp-idf/freertos/libfreertos.a(port.c.o) (xTimerGetTimerDaemonTaskHandle)
esp-idf/freertos/libfreertos.a(queue.c.o)
                              esp-idf/freertos/libfreertos.a(timers.c.o) (xQueueGenericCreateStatic)
esp-idf/esp_app_format/libesp_app_format.a(esp_app_desc.c.o)
                              (esp_app_desc)
esp-idf/main/libmain.a(test_host_main.c.o)
                              esp-idf/freertos/libfreertos.a(port_idf.c.o) (app_main)
esp-idf/unity/libunity.a(unity.c.o)
                              esp-idf/main/libmain.a(test_host_main.c.o) (UnityAssertEqualNumber)
esp-idf/unity/libunity.a(unity_runner.c.o)
                              esp-idf/main/libmain.a(test_host_main.c.o) (unity_testcase_register)
esp-idf/unity/libunity.a(unity_port_linux.c.o)
                              esp-idf/unity/libunity.a(unity.c.o) (unity_putc)
esp-idf/uffs/libuffs.a(uffs_debug.c.o)
                              esp-idf/main/libmain.a(test_host_main.c.o) (uffs_InitDebugMessageOutput)
esp-idf/uffs/libuffs.a(uffs_fd.c.o)
                              esp-idf/main/libmain.a(test_host_main.c.o) (uffs_open)
esp-idf/uffs/libuffs.a(uffs_find.c.o)
                              esp-idf/uffs/libuffs.a(uffs_fd.c.o) (uffs_GetObjectInfo)
esp-idf/uffs/libuffs.a(uffs_fs.c.o)
                              esp-idf/uffs/libuffs.a(uffs_fd.c.o) (uffs_GetObjectPool)
esp-idf/uffs/libuffs.a(uffs_init.c.o)
                              esp-idf/main/libmain.a(test_host_main.c.o) (uffs_InitFileSystemObjects)
esp-idf/uffs/libuffs.a(uffs_mtb.c.o)
                              esp-idf/main/libmain.a(test_host_main.c.o) (uffs_RegisterMountTable)
esp-idf/uffs/libuffs.a(uffs_pool.c.o)
                              esp-idf/uffs/libuffs.a(uffs_fd.c.o) (uffs_PoolInit)
esp-idf/uffs/libuffs.a(uffs_public.c.o)
                              esp-idf/uffs/libuffs.a(uffs_fs.c.o) (uffs_MakeSum16)
esp-idf/uffs/libuffs.a(uffs_tree.c.o)
                              esp-idf/uffs/libuffs.a(uffs_init.c.o) (uffs_TreeInit)
esp-idf/uffs/libuffs.a(uffs_utils.c.o)
                              esp-idf/uffs/libuffs.a(uffs_init.c.o) (uffs_InitGlobalFsLock)
esp-idf/uffs/libuffs.a(uffs_version.c.o)
                              esp-idf/uffs/libuffs.a(uffs_fd.c.o) (uffs_GetVersion)
esp-idf/uffs/libuffs.a(uffs_port.c.o)
                              esp-idf/uffs/libuffs.a(uffs_pool.c.o) (uffs_SemCreate)
esp-idf/uffs/libuffs.a(esp_spi_nand.c.o)
                              esp-idf/main/libmain.a(test_host_main.c.o) (esp_uffs_spi_nand_init)
esp-idf/uffs/libuffs.a(uffs_badblock.c.o)
                              esp-idf/uffs/libuffs.a(uffs_init.c.o) (uffs_BadBlockInit)
esp-idf/uffs/libuffs.a(uffs_blockinfo.c.o)
                              esp-idf/uffs/libuffs.a(uffs_init.c.o) (uffs_BlockInfoReleaseCache)
esp-idf/uffs/libuffs.a(uffs_buf.c.o)
                              esp-idf/uffs/libuffs.a(uffs_init.c.o) (uffs_BufInit)
esp-idf/uffs/libuffs.a(uffs_crc.c.o)
                              esp-idf/uffs/libuffs.a(uffs_public.c.o) (uffs_crc16sum)
esp-idf/uffs/libuffs.a(uffs_device.c.o)
                              esp-idf/uffs/libuffs.a(uffs_init.c.o) (uffs_DeviceInitLock)
esp-idf/uffs/libuffs.a(uffs_flash.c.o)
                              esp-idf/uffs/libuffs.a(uffs_init.c.o) (uffs_FlashInterfaceInit)
esp-idf/uffs/libuffs.a(esp_spi_nand_common.c.o)
                              esp-idf/uffs/libuffs.a(esp_spi_nand.c.o) (uffs_spi_nand_read_page_generic)
esp-idf/uffs/libuffs.a(esp_spi_nand_winbond.c.o)
                              esp-idf/uffs/libuffs.a(esp_spi_nand.c.o) (uffs_spi_nand_init_winbond)
esp-idf/uffs/libuffs.a(esp_spi_nand_micron.c.o)
[...]
Memory Configuration

Name             Origin             Length             Attributes
*default*        0x0000000000000000 0xffffffffffffffff

Linker script and memory map

LOAD /usr/lib/gcc/x86_64-linux-gnu/13/../../../x86_64-linux-gnu/Scrt1.o
LOAD /usr/lib/gcc/x86_64-linux-gnu/13/../../../x86_64-linux-gnu/crti.o
LOAD /usr/lib/gcc/x86_64-linux-gnu/13/crtbeginS.o
                0x0000000000000000                IDF_TARGET_LINUX = 0x0
LOAD CMakeFiles/test_host_uffs.elf.dir/project_elf_src_linux.c.o
LOAD esp-idf/linux/liblinux.a
LOAD esp-idf/spi_flash/libspi_flash.a
LOAD esp-idf/esp_system/libesp_system.a
LOAD esp-idf/esp_common/libesp_common.a
LOAD esp-idf/esp_rom/libesp_rom.a
LOAD esp-idf/hal/libhal.a
LOAD esp-idf/log/liblog.a
LOAD esp-idf/heap/libheap.a
LOAD esp-idf/esp_hw_support/libesp_hw_support.a
LOAD esp-idf/freertos/libfreertos.a
LOAD esp-idf/unity/libunity.a
LOAD esp-idf/cmock/libcmock.a
LOAD esp-idf/esp_ringbuf/libesp_ringbuf.a
LOAD esp-idf/console/libconsole.a
LOAD esp-idf/driver/libdriver.a
LOAD esp-idf/esp_partition/libesp_partition.a
LOAD esp-idf/efuse/libefuse.a
LOAD esp-idf/mbedtls/libmbedtls.a
LOAD esp-idf/http_parser/libhttp_parser.a
LOAD esp-idf/esp-tls/libesp-tls.a
LOAD esp-idf/esp_app_format/libesp_app_format.a
LOAD esp-idf/esp_driver_cam/libesp_driver_cam.a
LOAD esp-idf/esp_event/libesp_event.a
LOAD esp-idf/tcp_transport/libtcp_transport.a
LOAD esp-idf/esp_http_client/libesp_http_client.a
LOAD esp-idf/pthread/libpthread.a
LOAD esp-idf/esp_http_server/libesp_http_server.a
LOAD esp-idf/esp_https_server/libesp_https_server.a
LOAD esp-idf/esp_netif/libesp_netif.a
LOAD esp-idf/wear_levelling/libwear_levelling.a
LOAD esp-idf/fatfs/libfatfs.a
LOAD esp-idf/json/libjson.a
LOAD esp-idf/mqtt/libmqtt.a
LOAD esp-idf/nvs_flash/libnvs_flash.a
LOAD esp-idf/protobuf-c/libprotobuf-c.a
LOAD esp-idf/spiffs/libspiffs.a
LOAD esp-idf/uffs/libuffs.a
LOAD esp-idf/main/libmain.a
LOAD esp-idf/wear_levelling/libwear_levelling.a
LOAD /usr/lib/x86_64-linux-gnu/librt.a
LOAD esp-idf/unity/libunity.a
LOAD esp-idf/uffs/libuffs.a
LOAD esp-idf/driver/libdriver.a
LOAD esp-idf/linux/liblinux.a
LOAD esp-idf/spi_flash/libspi_flash.a
LOAD esp-idf/esp_system/libesp_system.a
LOAD esp-idf/esp_common/libesp_common.a
LOAD esp-idf/esp_rom/libesp_rom.a
LOAD esp-idf/hal/libhal.a
LOAD esp-idf/log/liblog.a
LOAD esp-idf/heap/libheap.a
LOAD esp-idf/esp_hw_support/libesp_hw_support.a
LOAD esp-idf/freertos/libfreertos.a
LOAD esp-idf/esp_partition/libesp_partition.a
LOAD esp-idf/efuse/libefuse.a
LOAD esp-idf/mbedtls/libmbedtls.a
LOAD esp-idf/http_parser/libhttp_parser.a
LOAD esp-idf/esp-tls/libesp-tls.a
LOAD esp-idf/esp_event/libesp_event.a
LOAD esp-idf/tcp_transport/libtcp_transport.a
LOAD esp-idf/esp_http_client/libesp_http_client.a
LOAD esp-idf/pthread/libpthread.a
LOAD esp-idf/esp_http_server/libesp_http_server.a
LOAD esp-idf/esp_netif/libesp_netif.a
LOAD esp-idf/nvs_flash/libnvs_flash.a
LOAD esp-idf/mbedtls/mbedtls/library/libmbedtls.a
LOAD esp-idf/mbedtls/mbedtls/library/libmbedcrypto.a
LOAD esp-idf/mbedtls/mbedtls/library/libmbedx509.a
LOAD esp-idf/mbedtls/mbedtls/3rdparty/everest/libeverest.a
LOAD esp-idf/mbedtls/mbedtls/3rdparty/p256-m/libp256m.a
LOAD esp-idf/linux/liblinux.a
LOAD esp-idf/spi_flash/libspi_flash.a
LOAD esp-idf/esp_system/libesp_system.a
LOAD esp-idf/esp_common/libesp_common.a
LOAD esp-idf/esp_rom/libesp_rom.a
LOAD esp-idf/hal/libhal.a
LOAD esp-idf/log/liblog.a
LOAD esp-idf/heap/libheap.a
LOAD esp-idf/esp_hw_support/libesp_hw_support.a
LOAD esp-idf/freertos/libfreertos.a
LOAD esp-idf/esp_partition/libesp_partition.a
LOAD esp-idf/efuse/libefuse.a
LOAD esp-idf/mbedtls/libmbedtls.a
LOAD esp-idf/http_parser/libhttp_parser.a
LOAD esp-idf/esp-tls/libesp-tls.a
LOAD esp-idf/esp_event/libesp_event.a
LOAD esp-idf/tcp_transport/libtcp_transport.a
LOAD esp-idf/esp_http_client/libesp_http_client.a
LOAD esp-idf/pthread/libpthread.a
LOAD esp-idf/esp_http_server/libesp_http_server.a
LOAD esp-idf/esp_netif/libesp_netif.a
LOAD esp-idf/nvs_flash/libnvs_flash.a
LOAD esp-idf/mbedtls/mbedtls/library/libmbedtls.a
LOAD esp-idf/mbedtls/mbedtls/library/libmbedcrypto.a
LOAD esp-idf/mbedtls/mbedtls/library/libmbedx509.a
LOAD esp-idf/mbedtls/mbedtls/3rdparty/everest/libeverest.a
LOAD esp-idf/mbedtls/mbedtls/3rdparty/p256-m/libp256m.a
LOAD esp-idf/linux/liblinux.a
LOAD esp-idf/spi_flash/libspi_flash.a
LOAD esp-idf/esp_system/libesp_system.a
LOAD esp-idf/esp_common/libesp_common.a
LOAD esp-idf/esp_rom/libesp_rom.a
LOAD esp-idf/hal/libhal.a
LOAD esp-idf/log/liblog.a
LOAD esp-idf/heap/libheap.a
LOAD esp-idf/esp_hw_support/libesp_hw_support.a
LOAD esp-idf/freertos/libfreertos.a
LOAD esp-idf/esp_partition/libesp_partition.a
LOAD esp-idf/efuse/libefuse.a
LOAD esp-idf/mbedtls/libmbedtls.a
LOAD esp-idf/http_parser/libhttp_parser.a
LOAD esp-idf/esp-tls/libesp-tls.a
LOAD esp-idf/esp_event/libesp_event.a
LOAD esp-idf/tcp_transport/libtcp_transport.a
LOAD esp-idf/esp_http_client/libesp_http_client.a
LOAD esp-idf/pthread/libpthread.a
LOAD esp-idf/esp_http_server/libesp_http_server.a
LOAD esp-idf/esp_netif/libesp_netif.a
LOAD esp-idf/nvs_flash/libnvs_flash.a
LOAD esp-idf/mbedtls/mbedtls/library/libmbedtls.a
LOAD esp-idf/mbedtls/mbedtls/library/libmbedcrypto.a
LOAD esp-idf/mbedtls/mbedtls/library/libmbedx509.a
LOAD esp-idf/mbedtls/mbedtls/3rdparty/everest/libeverest.a
LOAD esp-idf/mbedtls/mbedtls/3rdparty/p256-m/libp256m.a
LOAD esp-idf/linux/liblinux.a
LOAD esp-idf/spi_flash/libspi_flash.a
LOAD esp-idf/esp_system/libesp_system.a
LOAD esp-idf/esp_common/libesp_common.a
LOAD esp-idf/esp_rom/libesp_rom.a
LOAD esp-idf/hal/libhal.a
LOAD esp-idf/log/liblog.a
LOAD esp-idf/heap/libheap.a
LOAD esp-idf/esp_hw_support/libesp_hw_support.a
LOAD esp-idf/freertos/libfreertos.a
LOAD esp-idf/esp_partition/libesp_partition.a
LOAD esp-idf/efuse/libefuse.a
LOAD esp-idf/mbedtls/libmbedtls.a
LOAD esp-idf/http_parser/libhttp_parser.a
LOAD esp-idf/esp-tls/libesp-tls.a
LOAD esp-idf/esp_event/libesp_event.a
LOAD esp-idf/tcp_transport/libtcp_transport.a
LOAD esp-idf/esp_http_client/libesp_http_client.a
LOAD esp-idf/pthread/libpthread.a
LOAD esp-idf/esp_http_server/libesp_http_server.a
LOAD esp-idf/esp_netif/libesp_netif.a
LOAD esp-idf/nvs_flash/libnvs_flash.a
LOAD esp-idf/mbedtls/mbedtls/library/libmbedtls.a
LOAD esp-idf/mbedtls/mbedtls/library/libmbedcrypto.a
LOAD esp-idf/mbedtls/mbedtls/library/libmbedx509.a
LOAD esp-idf/mbedtls/mbedtls/3rdparty/everest/libeverest.a
LOAD esp-idf/mbedtls/mbedtls/3rdparty/p256-m/libp256m.a
LOAD /usr/lib/gcc/x86_64-linux-gnu/13/../../../x86_64-linux-gnu/libbsd.so
START GROUP
LOAD /usr/lib/x86_64-linux-gnu/libbsd.so.0.12.1
LOAD /usr/lib/gcc/x86_64-linux-gnu/13/../../../x86_64-linux-gnu/libmd.so
END GROUP
LOAD /usr/lib/gcc/x86_64-linux-gnu/13/../../../x86_64-linux-gnu/libpthread.a
LOAD /usr/lib/gcc/x86_64-linux-gnu/13/../../../x86_64-linux-gnu/libdl.a
LOAD /usr/lib/gcc/x86_64-linux-gnu/13/libstdc++.so
LOAD /usr/lib/gcc/x86_64-linux-gnu/13/../../../x86_64-linux-gnu/libm.so
START GROUP
LOAD /lib/x86_64-linux-gnu/libm.so.6
LOAD /lib/x86_64-linux-gnu/libmvec.so.1
END GROUP
LOAD /usr/lib/gcc/x86_64-linux-gnu/13/libgcov.a
LOAD /usr/lib/gcc/x86_64-linux-gnu/13/libgcc_s.so
START GROUP
LOAD /usr/lib/gcc/x86_64-linux-gnu/13/../../../x86_64-linux-gnu/libgcc_s.so.1
LOAD /usr/lib/gcc/x86_64-linux-gnu/13/libgcc.a
END GROUP
LOAD /usr/lib/gcc/x86_64-linux-gnu/13/libgcc.a
LOAD /usr/lib/gcc/x86_64-linux-gnu/13/../../../x86_64-linux-gnu/libc.so
START GROUP
LOAD /lib/x86_64-linux-gnu/libc.so.6
LOAD /usr/lib/x86_64-linux-gnu/libc_nonshared.a
LOAD /lib64/ld-linux-x86-64.so.2
END GROUP
LOAD /usr/lib/gcc/x86_64-linux-gnu/13/libgcc_s.so
START GROUP
LOAD /usr/lib/gcc/x86_64-linux-gnu/13/../../../x86_64-linux-gnu/libgcc_s.so.1
LOAD /usr/lib/gcc/x86_64-linux-gnu/13/libgcc.a
END GROUP
LOAD /usr/lib/gcc/x86_64-linux-gnu/13/libgcc.a
LOAD /usr/lib/gcc/x86_64-linux-gnu/13/crtendS.o
LOAD /usr/lib/gcc/x86_64-linux-gnu/13/../../../x86_64-linux-gnu/crtn.o
                [!provide]                        PROVIDE (__executable_start = SEGMENT_START ("text-segment", 0x0))
                0x0000000000000318                . = (SEGMENT_START ("text-segment", 0x0) + SIZEOF_HEADERS)

.interp         0x0000000000000318       0x1c
 *(.interp)
 .interp        0x0000000000000318       0x1c /usr/lib/gcc/x86_64-linux-gnu/13/../../../x86_64-linux-gnu/Scrt1.o

.note.gnu.property
                0x0000000000000338       0x30
 .note.gnu.property
                0x0000000000000338       0x30 /usr/lib/gcc/x86_64-linux-gnu/13/../../../x86_64-linux-gnu/Scrt1.o

.note.gnu.build-id
                0x0000000000000368       0x24
 *(.note.gnu.build-id)
 .note.gnu.build-id
                0x0000000000000368       0x24 /usr/lib/gcc/x86_64-linux-gnu/13/../../../x86_64-linux-gnu/Scrt1.o

.note.ABI-tag   0x000000000000038c       0x20
 .note.ABI-tag  0x000000000000038c       0x20 /usr/lib/gcc/x86_64-linux-gnu/13/../../../x86_64-linux-gnu/Scrt1.o

.hash
 *(.hash)

.gnu.hash       0x00000000000003b0       0x34
 *(.gnu.hash)
 .gnu.hash      0x00000000000003b0       0x34 /usr/lib/gcc/x86_64-linux-gnu/13/../../../x86_64-linux-gnu/Scrt1.o

.dynsym         0x00000000000003e8      0x750
 *(.dynsym)
 .dynsym        0x00000000000003e8      0x750 /usr/lib/gcc/x86_64-linux-gnu/13/../../../x86_64-linux-gnu/Scrt1.o

.dynstr         0x0000000000000b38      0x40d
 *(.dynstr)
 .dynstr        0x0000000000000b38      0x40d /usr/lib/gcc/x86_64-linux-gnu/13/../../../x86_64-linux-gnu/Scrt1.o

.gnu.version    0x0000000000000f46       0x9c
 *(.gnu.version)
 .gnu.version   0x0000000000000f46       0x9c /usr/lib/gcc/x86_64-linux-gnu/13/../../../x86_64-linux-gnu/Scrt1.o

.gnu.version_d  0x0000000000000fe8        0x0
 *(.gnu.version_d)
 .gnu.version_d
                0x0000000000000fe8        0x0 /usr/lib/gcc/x86_64-linux-gnu/13/../../../x86_64-linux-gnu/Scrt1.o

.gnu.version_r  0x0000000000000fe8       0xc0
 *(.gnu.version_r)
 .gnu.version_r
                0x0000000000000fe8       0xc0 /usr/lib/gcc/x86_64-linux-gnu/13/../../../x86_64-linux-gnu/Scrt1.o

.rela.dyn       0x00000000000010a8      0x588
 *(.rela.init)
 *(.rela.text .rela.text.* .rela.gnu.linkonce.t.*)
 .rela.text.esp_rom_output_putc
                0x00000000000010a8        0x0 /usr/lib/gcc/x86_64-linux-gnu/13/../../../x86_64-linux-gnu/Scrt1.o
 .rela.text.main
                0x00000000000010a8        0x0 /usr/lib/gcc/x86_64-linux-gnu/13/../../../x86_64-linux-gnu/Scrt1.o
 .rela.text.prvFatalError
                0x00000000000010a8        0x0 /usr/lib/gcc/x86_64-linux-gnu/13/../../../x86_64-linux-gnu/Scrt1.o
 .rela.text.unity_putc
                0x00000000000010a8        0x0 /usr/lib/gcc/x86_64-linux-gnu/13/../../../x86_64-linux-gnu/Scrt1.o
 .rela.text.esp_unity_readline
                0x00000000000010a8        0x0 /usr/lib/gcc/x86_64-linux-gnu/13/../../../x86_64-linux-gnu/Scrt1.o
 .rela.text.unity_flush
                0x00000000000010a8        0x0 /usr/lib/gcc/x86_64-linux-gnu/13/../../../x86_64-linux-gnu/Scrt1.o
 *(.rela.fini)
 *(.rela.rodata .rela.rodata.* .rela.gnu.linkonce.r.*)
 *(.rela.data .rela.data.* .rela.gnu.linkonce.d.*)
 .rela.data.rel.ro
                0x00000000000010a8        0x0 /usr/lib/gcc/x86_64-linux-gnu/13/../../../x86_64-linux-gnu/Scrt1.o
 .rela.data.rel.local
                0x00000000000010a8       0x18 /usr/lib/gcc/x86_64-linux-gnu/13/../../../x86_64-linux-gnu/Scrt1.o
 .rela.data.rel._putc1
                0x00000000000010c0       0x18 /usr/lib/gcc/x86_64-linux-gnu/13/../../../x86_64-linux-gnu/Scrt1.o
 .rela.data.rel.local.test_fn_.0
                0x00000000000010d8       0x18 /usr/lib/gcc/x86_64-linux-gnu/13/../../../x86_64-linux-gnu/Scrt1.o
 .rela.data.rel.local.test_desc_252.1
                0x00000000000010f0       0x60 /usr/lib/gcc/x86_64-linux-gnu/13/../../../x86_64-linux-gnu/Scrt1.o
 .rela.data.rel.local.test_fn_.2
                0x0000000000001150       0x18 /usr/lib/gcc/x86_64-linux-gnu/13/../../../x86_64-linux-gnu/Scrt1.o
 .rela.data.rel.local.test_desc_201.3
                0x0000000000001168       0x60 /usr/lib/gcc/x86_64-linux-gnu/13/../../../x86_64-linux-gnu/Scrt1.o
 .rela.data.rel.local.test_fn_.4
                0x00000000000011c8       0x18 /usr/lib/gcc/x86_64-linux-gnu/13/../../../x86_64-linux-gnu/Scrt1.o
 .rela.data.rel.local.test_desc_158.5
                0x00000000000011e0       0x60 /usr/lib/gcc/x86_64-linux-gnu/13/../../../x86_64-linux-gnu/Scrt1.o
 .rela.data.rel.local.test_fn_.6
                0x0000000000001240       0x18 /usr/lib/gcc/x86_64-linux-gnu/13/../../../x86_64-linux-gnu/Scrt1.o
 .rela.data.rel.local.test_desc_132.7
                0x0000000000001258       0x60 /usr/lib/gcc/x86_64-linux-gnu/13/../../../x86_64-linux-gnu/Scrt1.o
 .rela.data.rel.local.test_fn_.8
                0x00000000000012b8       0x18 /usr/lib/gcc/x86_64-linux-gnu/13/../../../x86_64-linux-gnu/Scrt1.o
 .rela.data.rel.local.test_desc_88.9
                0x00000000000012d0       0x60 /usr/lib/gcc/x86_64-linux-gnu/13/../../../x86_64-linux-gnu/Scrt1.o
 .rela.data.rel.local.m_ops
                0x0000000000001330       0x30 /usr/lib/gcc/x86_64-linux-gnu/13/../../../x86_64-linux-gnu/Scrt1.o
 .rela.data.rel.local.mount_table
                0x0000000000001360       0x30 /usr/lib/gcc/x86_64-linux-gnu/13/../../../x86_64-linux-gnu/Scrt1.o
 .rela.data.rel.ro.drivers
                0x0000000000001390      0x120 /usr/lib/gcc/x86_64-linux-gnu/13/../../../x86_64-linux-gnu/Scrt1.o
 .rela.data.rel.s_log_print_func
                0x00000000000014b0       0x18 /usr/lib/gcc/x86_64-linux-gnu/13/../../../x86_64-linux-gnu/Scrt1.o
 *(.rela.tdata .rela.tdata.* .rela.gnu.linkonce.td.*)
 *(.rela.tbss .rela.tbss.* .rela.gnu.linkonce.tb.*)
 *(.rela.ctors)
 *(.rela.dtors)
 *(.rela.got)
 .rela.got      0x00000000000014c8       0x78 /usr/lib/gcc/x86_64-linux-gnu/13/../../../x86_64-linux-gnu/Scrt1.o
 *(.rela.bss .rela.bss.* .rela.gnu.linkonce.b.*)
 .rela.bss      0x0000000000001540       0x48 /usr/lib/gcc/x86_64-linux-gnu/13/../../../x86_64-linux-gnu/Scrt1.o
 *(.rela.ldata .rela.ldata.* .rela.gnu.linkonce.l.*)
 *(.rela.lbss .rela.lbss.* .rela.gnu.linkonce.lb.*)
 *(.rela.lrodata .rela.lrodata.* .rela.gnu.linkonce.lr.*)
 *(.rela.ifunc)
 .rela.ifunc    0x0000000000001588        0x0 /usr/lib/gcc/x86_64-linux-gnu/13/../../../x86_64-linux-gnu/Scrt1.o
 .rela.fini_array
                0x0000000000001588       0x18 /usr/lib/gcc/x86_64-linux-gnu/13/../../../x86_64-linux-gnu/Scrt1.o
 .rela.init_array
                0x00000000000015a0       0x90 /usr/lib/gcc/x86_64-linux-gnu/13/../../../x86_64-linux-gnu/Scrt1.o

.rela.plt       0x0000000000001630      0x660
 *(.rela.plt)
 .rela.plt      0x0000000000001630      0x660 /usr/lib/gcc/x86_64-linux-gnu/13/../../../x86_64-linux-gnu/Scrt1.o
 *(.rela.iplt)

.relr.dyn
 *(.relr.dyn)
                0x0000000000002000                . = ALIGN (CONSTANT (MAXPAGESIZE))

.init           0x0000000000002000       0x1b
 *(SORT_NONE(.init))
 .init          0x0000000000002000       0x16 /usr/lib/gcc/x86_64-linux-gnu/13/../../../x86_64-linux-gnu/crti.o
                0x0000000000002000                _init
 .init          0x0000000000002016        0x5 /usr/lib/gcc/x86_64-linux-gnu/13/../../../x86_64-linux-gnu/crtn.o

.plt            0x0000000000002020      0x450
 *(.plt)
 .plt           0x0000000000002020      0x450 /usr/lib/gcc/x86_64-linux-gnu/13/../../../x86_64-linux-gnu/Scrt1.o
 *(.iplt)

.plt.got        0x0000000000002470       0x10
 *(.plt.got)
 .plt.got       0x0000000000002470       0x10 /usr/lib/gcc/x86_64-linux-gnu/13/../../../x86_64-linux-gnu/Scrt1.o
                0x0000000000002470                __cxa_finalize@@GLIBC_2.2.5

.plt.sec        0x0000000000002480      0x440
 *(.plt.sec)
 .plt.sec       0x0000000000002480      0x440 /usr/lib/gcc/x86_64-linux-gnu/13/../../../x86_64-linux-gnu/Scrt1.o
                0x0000000000002480                __strcat_chk@@GLIBC_2.3.4
                0x0000000000002490                free@@GLIBC_2.2.5
                0x00000000000024a0                backtrace_symbols_fd@@GLIBC_2.2.5
                0x00000000000024b0                abort@@GLIBC_2.2.5
                0x00000000000024c0                __errno_location@@GLIBC_2.2.5
                0x00000000000024d0                strncmp@@GLIBC_2.2.5
                0x00000000000024e0                _exit@@GLIBC_2.2.5
                0x00000000000024f0                puts@@GLIBC_2.2.5
                0x0000000000002500                sigaction@@GLIBC_2.2.5
                0x0000000000002510                clock_gettime@@GLIBC_2.17
                0x0000000000002520                write@@GLIBC_2.2.5
                0x0000000000002530                pthread_cond_wait@@GLIBC_2.3.2
                0x0000000000002540                strlen@@GLIBC_2.2.5
                0x0000000000002550                backtrace@@GLIBC_2.2.5
                0x0000000000002560                __stack_chk_fail@@GLIBC_2.4
                0x0000000000002570                pthread_mutex_destroy@@GLIBC_2.2.5
                0x0000000000002580                strrchr@@GLIBC_2.2.5
                0x0000000000002590                gettimeofday@@GLIBC_2.2.5
                0x00000000000025a0                __assert_fail@@GLIBC_2.2.5
                0x00000000000025b0                memset@@GLIBC_2.2.5
                0x00000000000025c0                fgetc@@GLIBC_2.2.5
                0x00000000000025d0                memcmp@@GLIBC_2.2.5
                0x00000000000025e0                pthread_attr_init@@GLIBC_2.2.5
                0x00000000000025f0                pthread_cond_signal@@GLIBC_2.3.2
                0x0000000000002600                _setjmp@@GLIBC_2.2.5
                0x0000000000002610                calloc@@GLIBC_2.2.5
                0x0000000000002620                strcmp@@GLIBC_2.2.5
                0x0000000000002630                putc@@GLIBC_2.2.5
                0x0000000000002640                signal@@GLIBC_2.2.5
                0x0000000000002650                __memcpy_chk@@GLIBC_2.3.4
                0x0000000000002660                sigemptyset@@GLIBC_2.2.5
                0x0000000000002670                memcpy@@GLIBC_2.14
                0x0000000000002680                sigfillset@@GLIBC_2.2.5
                0x0000000000002690                __isoc23_strtol@@GLIBC_2.38
                0x00000000000026a0                fileno@@GLIBC_2.2.5
                0x00000000000026b0                pthread_cond_init@@GLIBC_2.3.2
                0x00000000000026c0                pthread_mutex_unlock@@GLIBC_2.2.5
                0x00000000000026d0                pthread_exit@@GLIBC_2.2.5
                0x00000000000026e0                malloc@@GLIBC_2.2.5
                0x00000000000026f0                fflush@@GLIBC_2.2.5
                0x0000000000002700                __vsnprintf_chk@@GLIBC_2.3.4
                0x0000000000002710                pthread_sigmask@@GLIBC_2.32
                0x0000000000002720                setitimer@@GLIBC_2.2.5
                0x0000000000002730                pthread_attr_setstack@@GLIBC_2.34
                0x0000000000002740                setvbuf@@GLIBC_2.2.5
                0x0000000000002750                pthread_create@@GLIBC_2.34
                0x0000000000002760                __longjmp_chk@@GLIBC_2.11
                0x0000000000002770                fsync@@GLIBC_2.2.5
                0x0000000000002780                pthread_self@@GLIBC_2.2.5
                0x0000000000002790                pthread_cond_destroy@@GLIBC_2.3.2
                0x00000000000027a0                sigdelset@@GLIBC_2.2.5
                0x00000000000027b0                perror@@GLIBC_2.2.5
                0x00000000000027c0                getitimer@@GLIBC_2.2.5
                0x00000000000027d0                sigwait@@GLIBC_2.2.5
                0x00000000000027e0                __memset_chk@@GLIBC_2.3.4
                0x00000000000027f0                exit@@GLIBC_2.2.5
                0x0000000000002800                __fprintf_chk@@GLIBC_2.3.4
                0x0000000000002810                pthread_join@@GLIBC_2.34
                0x0000000000002820                strerror@@GLIBC_2.2.5
                0x0000000000002830                pthread_cancel@@GLIBC_2.34
                0x0000000000002840                pthread_mutex_init@@GLIBC_2.2.5
                0x0000000000002850                pthread_once@@GLIBC_2.34
                0x0000000000002860                sigaddset@@GLIBC_2.2.5
                0x0000000000002870                strstr@@GLIBC_2.2.5
                0x0000000000002880                pthread_mutex_lock@@GLIBC_2.2.5
                0x0000000000002890                __ctype_b_loc@@GLIBC_2.3
                0x00000000000028a0                usleep@@GLIBC_2.2.5
                0x00000000000028b0                __sprintf_chk@@GLIBC_2.3.4

.text           0x00000000000028c0    0x14e2b
 *(.text.unlikely .text.*_unlikely .text.unlikely.*)
 *(.text.exit .text.exit.*)
 *(.text.startup .text.startup.*)
 *(.text.hot .text.hot.*)
 *(SORT_BY_NAME(.text.sorted.*))
 *(.text .stub .text.* .gnu.linkonce.t.*)
 .text          0x00000000000028c0       0x26 /usr/lib/gcc/x86_64-linux-gnu/13/../../../x86_64-linux-gnu/Scrt1.o
                0x00000000000028c0                _start
 *fill*         0x00000000000028e6        0xa 
 .text          0x00000000000028f0       0xb9 /usr/lib/gcc/x86_64-linux-gnu/13/crtbeginS.o
 .text.esp_rom_output_putc
                0x00000000000029a9       0x1d esp-idf/esp_rom/libesp_rom.a(esp_rom_sys.c.o)
                0x00000000000029a9                esp_rom_output_putc
 .text.__assert_func
                0x00000000000029c6       0x42 esp-idf/esp_rom/libesp_rom.a(esp_rom_sys.c.o)
                0x00000000000029c6                __assert_func
 .text._cvt     0x0000000000002a08       0x83 esp-idf/esp_rom/libesp_rom.a(esp_rom_print.c.o)
 .text.ets_vprintf
                0x0000000000002a8b      0x690 esp-idf/esp_rom/libesp_rom.a(esp_rom_print.c.o)
 .text.esp_rom_printf
                0x000000000000311b       0xc4 esp-idf/esp_rom/libesp_rom.a(esp_rom_print.c.o)
                0x000000000000311b                esp_rom_printf
 .text.esp_rom_output_to_channels
                0x00000000000031df       0x2c esp-idf/esp_rom/libesp_rom.a(esp_rom_sys.c.o)
                0x00000000000031df                esp_rom_output_to_channels
 .text.main_task
                0x000000000000320b       0x1c esp-idf/freertos/libfreertos.a(port_idf.c.o)
 .text.abort_handler
                0x0000000000003227       0x2a esp-idf/freertos/libfreertos.a(port_idf.c.o)
 .text.load_libgcc
                0x0000000000003251       0x5f esp-idf/freertos/libfreertos.a(port_idf.c.o)
 .text.segfault_handler
                0x00000000000032b0       0x61 esp-idf/freertos/libfreertos.a(port_idf.c.o)
 .text.main     0x0000000000003311      0x127 esp-idf/freertos/libfreertos.a(port_idf.c.o)
                0x0000000000003311                main
 .text.esp_vApplicationIdleHook
                0x0000000000003438       0x17 esp-idf/freertos/libfreertos.a(port_idf.c.o)
                0x0000000000003438                esp_vApplicationIdleHook
 .text.vApplicationGetIdleTaskMemory
                0x000000000000344f       0x1f esp-idf/freertos/libfreertos.a(port_idf.c.o)
                0x000000000000344f                vApplicationGetIdleTaskMemory
 .text.vApplicationGetTimerTaskMemory
                0x000000000000346e       0x1f esp-idf/freertos/libfreertos.a(port_idf.c.o)
                0x000000000000346e                vApplicationGetTimerTaskMemory
 .text.vApplicationStackOverflowHook
                0x000000000000348d       0xc6 esp-idf/freertos/libfreertos.a(port_idf.c.o)
                0x000000000000348d                vApplicationStackOverflowHook
 .text.prvResetNextTaskUnblockTime
                0x0000000000003553       0x31 esp-idf/freertos/libfreertos.a(tasks.c.o)
 .text.prvDeleteTCB
                0x0000000000003584       0x5a esp-idf/freertos/libfreertos.a(tasks.c.o)
 .text.prvCheckTasksWaitingTermination
                0x00000000000035de       0x66 esp-idf/freertos/libfreertos.a(tasks.c.o)
 .text.prvAddCurrentTaskToDelayedList
                0x0000000000003644      0x101 esp-idf/freertos/libfreertos.a(tasks.c.o)
 .text.prvIdleTask
                0x0000000000003745       0x16 esp-idf/freertos/libfreertos.a(tasks.c.o)
 .text.prvInitialiseNewTask
                0x000000000000375b       0xfb esp-idf/freertos/libfreertos.a(tasks.c.o)
 .text.prvInitialiseTaskLists
                0x0000000000003856       0xa6 esp-idf/freertos/libfreertos.a(tasks.c.o)
 .text.prvAddNewTaskToReadyList
                0x00000000000038fc      0x12b esp-idf/freertos/libfreertos.a(tasks.c.o)
 .text.vTaskDelete
                0x0000000000003a27      0x104 esp-idf/freertos/libfreertos.a(tasks.c.o)
                0x0000000000003a27                vTaskDelete
 .text.vTaskSuspendAll
                0x0000000000003b2b       0x17 esp-idf/freertos/libfreertos.a(tasks.c.o)
                0x0000000000003b2b                vTaskSuspendAll
 .text.xTaskGetTickCount
                0x0000000000003b42        0xc esp-idf/freertos/libfreertos.a(tasks.c.o)
                0x0000000000003b42                xTaskGetTickCount
 .text.uxTaskGetNumberOfTasks
                0x0000000000003b4e        0xc esp-idf/freertos/libfreertos.a(tasks.c.o)
                0x0000000000003b4e                uxTaskGetNumberOfTasks
 .text.xTaskIncrementTick
                0x0000000000003b5a      0x292 esp-idf/freertos/libfreertos.a(tasks.c.o)
                0x0000000000003b5a                xTaskIncrementTick
 .text.xTaskResumeAll
                0x0000000000003dec      0x219 esp-idf/freertos/libfreertos.a(tasks.c.o)
                0x0000000000003dec                xTaskResumeAll
 .text.vTaskDelay
                0x0000000000004005       0x5b esp-idf/freertos/libfreertos.a(tasks.c.o)
                0x0000000000004005                vTaskDelay
 .text.vTaskSwitchContext
                0x0000000000004060      0x14a esp-idf/freertos/libfreertos.a(tasks.c.o)
                0x0000000000004060                vTaskSwitchContext
 .text.vTaskPlaceOnEventList
                0x00000000000041aa       0x4b esp-idf/freertos/libfreertos.a(tasks.c.o)
                0x00000000000041aa                vTaskPlaceOnEventList
 .text.vTaskPlaceOnEventListRestricted
                0x00000000000041f5       0xa0 esp-idf/freertos/libfreertos.a(tasks.c.o)
                0x00000000000041f5                vTaskPlaceOnEventListRestricted
 .text.xTaskRemoveFromEventList
                0x0000000000004295      0x1b8 esp-idf/freertos/libfreertos.a(tasks.c.o)
                0x0000000000004295                xTaskRemoveFromEventList
 .text.vTaskInternalSetTimeOutState
                0x000000000000444d       0x1a esp-idf/freertos/libfreertos.a(tasks.c.o)
                0x000000000000444d                vTaskInternalSetTimeOutState
 .text.xTaskCheckForTimeOut
                0x0000000000004467      0x107 esp-idf/freertos/libfreertos.a(tasks.c.o)
                0x0000000000004467                xTaskCheckForTimeOut
 .text.vTaskMissedYield
                0x000000000000456e       0x10 esp-idf/freertos/libfreertos.a(tasks.c.o)
                0x000000000000456e                vTaskMissedYield
 .text.xTaskGetCurrentTaskHandle
                0x000000000000457e        0xc esp-idf/freertos/libfreertos.a(tasks.c.o)
                0x000000000000457e                xTaskGetCurrentTaskHandle
 .text.xTaskGetSchedulerState
                0x000000000000458a       0x2e esp-idf/freertos/libfreertos.a(tasks.c.o)
                0x000000000000458a                xTaskGetSchedulerState
 .text.xTaskPriorityInherit
                0x00000000000045b8      0x138 esp-idf/freertos/libfreertos.a(tasks.c.o)
                0x00000000000045b8                xTaskPriorityInherit
 .text.xTaskPriorityDisinherit
                0x00000000000046f0      0x13d esp-idf/freertos/libfreertos.a(tasks.c.o)
                0x00000000000046f0                xTaskPriorityDisinherit
 .text.vTaskPriorityDisinheritAfterTimeout
                0x000000000000482d      0x146 esp-idf/freertos/libfreertos.a(tasks.c.o)
                0x000000000000482d                vTaskPriorityDisinheritAfterTimeout
 .text.pvTaskIncrementMutexHeldCount
                0x0000000000004973       0x31 esp-idf/freertos/libfreertos.a(tasks.c.o)
                0x0000000000004973                pvTaskIncrementMutexHeldCount
 .text.xTaskCreatePinnedToCore
                0x00000000000049a4      0x12b esp-idf/freertos/libfreertos.a(tasks.c.o)
                0x00000000000049a4                xTaskCreatePinnedToCore
 .text.xTaskCreateStaticPinnedToCore
                0x0000000000004acf      0x1d3 esp-idf/freertos/libfreertos.a(tasks.c.o)
                0x0000000000004acf                xTaskCreateStaticPinnedToCore
 .text.prvCreateIdleTasks
                0x0000000000004ca2       0xbe esp-idf/freertos/libfreertos.a(tasks.c.o)
 .text.vTaskStartScheduler
                0x0000000000004d60       0x7c esp-idf/freertos/libfreertos.a(tasks.c.o)
                0x0000000000004d60                vTaskStartScheduler
 .text.xTaskGetIdleTaskHandleForCore
                0x0000000000004ddc       0x60 esp-idf/freertos/libfreertos.a(tasks.c.o)
                0x0000000000004ddc                xTaskGetIdleTaskHandleForCore
 .text.xTaskGetIdleTaskHandle
                0x0000000000004e3c       0x17 esp-idf/freertos/libfreertos.a(tasks.c.o)
                0x0000000000004e3c                xTaskGetIdleTaskHandle
 .text.prvSuspendSelf
                0x0000000000004e53       0x12 esp-idf/freertos/libfreertos.a(port.c.o)
 .text.prvResumeThread
                0x0000000000004e65       0x1b esp-idf/freertos/libfreertos.a(port.c.o)
 .text.prvSwitchThread
                0x0000000000004e80       0x42 esp-idf/freertos/libfreertos.a(port.c.o)
 .text.vPortSystemTickHandler
                0x0000000000004ec2       0x55 esp-idf/freertos/libfreertos.a(port.c.o)
 .text.vPortStartFirstTask
                0x0000000000004f17       0x1a esp-idf/freertos/libfreertos.a(port.c.o)
 .text.prvFatalError
                0x0000000000004f31       0x33 esp-idf/freertos/libfreertos.a(port.c.o)
 .text.prvSetupSignalsAndSchedulerPolicy
                0x0000000000004f64      0x11a esp-idf/freertos/libfreertos.a(port.c.o)
 .text.prvGetTimeNs
                0x000000000000507e       0x48 esp-idf/freertos/libfreertos.a(port.c.o)
 .text.prvSetupTimerInterrupt
                0x00000000000050c6       0xaa esp-idf/freertos/libfreertos.a(port.c.o)
 .text.vPortYieldFromISR
                0x0000000000005170       0x2c esp-idf/freertos/libfreertos.a(port.c.o)
                0x0000000000005170                vPortYieldFromISR
 .text.vPortDisableInterrupts
                0x000000000000519c       0x23 esp-idf/freertos/libfreertos.a(port.c.o)
                0x000000000000519c                vPortDisableInterrupts
 .text.vPortEnterCritical
                0x00000000000051bf       0x32 esp-idf/freertos/libfreertos.a(port.c.o)
                0x00000000000051bf                vPortEnterCritical
 .text.vPortEnableInterrupts
                0x00000000000051f1       0x23 esp-idf/freertos/libfreertos.a(port.c.o)
                0x00000000000051f1                vPortEnableInterrupts
 .text.prvWaitForStart
                0x0000000000005214       0x43 esp-idf/freertos/libfreertos.a(port.c.o)
 .text.vPortExitCritical
                0x0000000000005257       0x69 esp-idf/freertos/libfreertos.a(port.c.o)
                0x0000000000005257                vPortExitCritical
 .text.pxPortInitialiseStack
                0x00000000000052c0       0xe1 esp-idf/freertos/libfreertos.a(port.c.o)
                0x00000000000052c0                pxPortInitialiseStack
 .text.vPortYield
                0x00000000000053a1       0x1c esp-idf/freertos/libfreertos.a(port.c.o)
                0x00000000000053a1                vPortYield
 .text.vPortThreadDying
                0x00000000000053bd       0x10 esp-idf/freertos/libfreertos.a(port.c.o)
                0x00000000000053bd                vPortThreadDying
 .text.vPortCancelThread
                0x00000000000053cd       0x2a esp-idf/freertos/libfreertos.a(port.c.o)
                0x00000000000053cd                vPortCancelThread
 .text.xPortStartScheduler
                0x00000000000053f7       0xc0 esp-idf/freertos/libfreertos.a(port.c.o)
                0x00000000000053f7                xPortStartScheduler
 .text.event_create
                0x00000000000054b7       0x5a esp-idf/freertos/libfreertos.a(wait_for_event.c.o)
                0x00000000000054b7                event_create
 .text.event_delete
                0x0000000000005511       0x20 esp-idf/freertos/libfreertos.a(wait_for_event.c.o)
                0x0000000000005511                event_delete
 .text.event_wait
                0x0000000000005531       0x34 esp-idf/freertos/libfreertos.a(wait_for_event.c.o)
                0x0000000000005531                event_wait
 .text.event_signal
                0x0000000000005565       0x24 esp-idf/freertos/libfreertos.a(wait_for_event.c.o)
                0x0000000000005565                event_signal
 .text.pvPortMalloc
                0x0000000000005589       0x17 esp-idf/freertos/libfreertos.a(heap_idf.c.o)
                0x0000000000005589                pvPortMalloc
 .text.vPortFree
                0x00000000000055a0       0x12 esp-idf/freertos/libfreertos.a(heap_idf.c.o)
                0x00000000000055a0                vPortFree
 .text.xPortCheckValidTCBMem
                0x00000000000055b2        0xa esp-idf/freertos/libfreertos.a(heap_idf.c.o)
                0x00000000000055b2                xPortCheckValidTCBMem
 .text.xPortcheckValidStackMem
                0x00000000000055bc        0xa esp-idf/freertos/libfreertos.a(heap_idf.c.o)
                0x00000000000055bc                xPortcheckValidStackMem
 .text.vListInitialise
                0x00000000000055c6       0x24 esp-idf/freertos/libfreertos.a(list.c.o)
                0x00000000000055c6                vListInitialise
 .text.vListInitialiseItem
                0x00000000000055ea        0xd esp-idf/freertos/libfreertos.a(list.c.o)
                0x00000000000055ea                vListInitialiseItem
 .text.vListInsertEnd
                0x00000000000055f7       0x2f esp-idf/freertos/libfreertos.a(list.c.o)
                0x00000000000055f7                vListInsertEnd
 .text.vListInsert
                0x0000000000005626       0x50 esp-idf/freertos/libfreertos.a(list.c.o)
                0x0000000000005626                vListInsert
 .text.uxListRemove
                0x0000000000005676       0x49 esp-idf/freertos/libfreertos.a(list.c.o)
                0x0000000000005676                uxListRemove
 .text.prvGetNextExpireTime
                0x00000000000056bf       0x31 esp-idf/freertos/libfreertos.a(timers.c.o)
 .text.prvInsertTimerInActiveList
                0x00000000000056f0       0x69 esp-idf/freertos/libfreertos.a(timers.c.o)
 .text.prvReloadTimer
                0x0000000000005759       0x38 esp-idf/freertos/libfreertos.a(timers.c.o)
 .text.prvProcessExpiredTimer
                0x0000000000005791       0x4b esp-idf/freertos/libfreertos.a(timers.c.o)
 .text.prvSwitchTimerLists
                0x00000000000057dc       0x42 esp-idf/freertos/libfreertos.a(timers.c.o)
 .text.prvSampleTimeNow
                0x000000000000581e       0x42 esp-idf/freertos/libfreertos.a(timers.c.o)
 .text.prvProcessTimerOrBlockTask
                0x0000000000005860       0xc1 esp-idf/freertos/libfreertos.a(timers.c.o)
 .text.prvProcessReceivedCommands
                0x0000000000005921      0x1cb esp-idf/freertos/libfreertos.a(timers.c.o)
 .text.prvTimerTask
                0x0000000000005aec       0x35 esp-idf/freertos/libfreertos.a(timers.c.o)
 .text.prvCheckForValidListAndQueue
                0x0000000000005b21       0x79 esp-idf/freertos/libfreertos.a(timers.c.o)
 .text.xTimerCreateTimerTask
                0x0000000000005b9a       0xcf esp-idf/freertos/libfreertos.a(timers.c.o)
                0x0000000000005b9a                xTimerCreateTimerTask
 .text.xTimerGetTimerDaemonTaskHandle
                0x0000000000005c69       0x34 esp-idf/freertos/libfreertos.a(timers.c.o)
                0x0000000000005c69                xTimerGetTimerDaemonTaskHandle
 .text.prvGetDisinheritPriorityAfterTimeout
                0x0000000000005c9d       0x19 esp-idf/freertos/libfreertos.a(queue.c.o)
 .text.prvIsQueueFull
                0x0000000000005cb6       0x29 esp-idf/freertos/libfreertos.a(queue.c.o)
 .text.prvIsQueueEmpty
                0x0000000000005cdf       0x28 esp-idf/freertos/libfreertos.a(queue.c.o)
 .text.prvCopyDataFromQueue
                0x0000000000005d07       0x3d esp-idf/freertos/libfreertos.a(queue.c.o)
 .text.prvCopyDataToQueue
                0x0000000000005d44       0xd4 esp-idf/freertos/libfreertos.a(queue.c.o)
 .text.prvNotifyQueueSetContainer
                0x0000000000005e18      0x10d esp-idf/freertos/libfreertos.a(queue.c.o)
 .text.prvUnlockQueue
                0x0000000000005f25       0xae esp-idf/freertos/libfreertos.a(queue.c.o)
 .text.xQueueGenericReset
                0x0000000000005fd3      0x11b esp-idf/freertos/libfreertos.a(queue.c.o)
                0x0000000000005fd3                xQueueGenericReset
 .text.prvInitialiseNewQueue
                0x00000000000060ee       0x49 esp-idf/freertos/libfreertos.a(queue.c.o)
 .text.xQueueGenericCreateStatic
                0x0000000000006137       0xd2 esp-idf/freertos/libfreertos.a(queue.c.o)
                0x0000000000006137                xQueueGenericCreateStatic
 .text.xQueueGenericCreate
                0x0000000000006209       0xa6 esp-idf/freertos/libfreertos.a(queue.c.o)
                0x0000000000006209                xQueueGenericCreate
 .text.xQueueGenericSend
                0x00000000000062af      0x287 esp-idf/freertos/libfreertos.a(queue.c.o)
                0x00000000000062af                xQueueGenericSend
 .text.prvInitialiseMutex
                0x0000000000006536       0x3a esp-idf/freertos/libfreertos.a(queue.c.o)
 .text.xQueueCreateMutex
                0x0000000000006570       0x28 esp-idf/freertos/libfreertos.a(queue.c.o)
                0x0000000000006570                xQueueCreateMutex
 .text.xQueueReceive
                0x0000000000006598      0x220 esp-idf/freertos/libfreertos.a(queue.c.o)
                0x0000000000006598                xQueueReceive
 .text.xQueueSemaphoreTake
                0x00000000000067b8      0x289 esp-idf/freertos/libfreertos.a(queue.c.o)
                0x00000000000067b8                xQueueSemaphoreTake
 .text.vQueueDelete
                0x0000000000006a41       0x41 esp-idf/freertos/libfreertos.a(queue.c.o)
                0x0000000000006a41                vQueueDelete
 .text.vQueueWaitForMessageRestricted
                0x0000000000006a82       0x6a esp-idf/freertos/libfreertos.a(queue.c.o)
                0x0000000000006a82                vQueueWaitForMessageRestricted
 .text.debug_output
                0x0000000000006aec       0x34 esp-idf/main/libmain.a(test_host_main.c.o)
 .text.debug_vprintf
                0x0000000000006b20       0x24 esp-idf/main/libmain.a(test_host_main.c.o)
 .text.test_func_88
                0x0000000000006b44      0x25e esp-idf/main/libmain.a(test_host_main.c.o)
 .text.test_func_132
                0x0000000000006da2      0x1f3 esp-idf/main/libmain.a(test_host_main.c.o)
 .text.test_func_158
                0x0000000000006f95      0x269 esp-idf/main/libmain.a(test_host_main.c.o)
 .text.test_func_201
                0x00000000000071fe      0x2c2 esp-idf/main/libmain.a(test_host_main.c.o)
 .text.test_func_252
                0x00000000000074c0      0x20f esp-idf/main/libmain.a(test_host_main.c.o)
 .text.setUp    0x00000000000076cf      0x2bb esp-idf/main/libmain.a(test_host_main.c.o)
                0x00000000000076cf                setUp
 .text.tearDown
                0x000000000000798a       0x45 esp-idf/main/libmain.a(test_host_main.c.o)
                0x000000000000798a                tearDown
 .text.test_reg_helper_88
                0x00000000000079cf       0x19 esp-idf/main/libmain.a(test_host_main.c.o)
 .text.test_reg_helper_132
                0x00000000000079e8       0x19 esp-idf/main/libmain.a(test_host_main.c.o)
 .text.test_reg_helper_158
                0x0000000000007a01       0x19 esp-idf/main/libmain.a(test_host_main.c.o)
 .text.test_reg_helper_201
                0x0000000000007a1a       0x19 esp-idf/main/libmain.a(test_host_main.c.o)
 .text.test_reg_helper_252
                0x0000000000007a33       0x19 esp-idf/main/libmain.a(test_host_main.c.o)
 .text.app_main
                0x0000000000007a4c       0x39 esp-idf/main/libmain.a(test_host_main.c.o)
                0x0000000000007a4c                app_main
 .text.UnityPrintNumberUnsigned
                0x0000000000007a85       0x7c esp-idf/unity/libunity.a(unity.c.o)
                0x0000000000007a85                UnityPrintNumberUnsigned
 .text.UnityPrintNumber
                0x0000000000007b01       0x26 esp-idf/unity/libunity.a(unity.c.o)
                0x0000000000007b01                UnityPrintNumber
 .text.UnityPrintNumberHex
                0x0000000000007b27       0x52 esp-idf/unity/libunity.a(unity.c.o)
                0x0000000000007b27                UnityPrintNumberHex
 .text.UnityPrintChar
                0x0000000000007b79       0x75 esp-idf/unity/libunity.a(unity.c.o)
 .text.UnityPrint
                0x0000000000007bee       0x22 esp-idf/unity/libunity.a(unity.c.o)
                0x0000000000007bee                UnityPrint
 .text.UnityTestResultsBegin
                0x0000000000007c10       0x3d esp-idf/unity/libunity.a(unity.c.o)
 .text.UnityTestResultsFailBegin
                0x0000000000007c4d       0x2e esp-idf/unity/libunity.a(unity.c.o)
 .text.UnityAddMsgIfSpecified
                0x0000000000007c7b       0x6f esp-idf/unity/libunity.a(unity.c.o)
 .text.UnityIsOneArrayNull
                0x0000000000007cea       0x66 esp-idf/unity/libunity.a(unity.c.o)
 .text.UnityPrintExpectedAndActualStrings
                0x0000000000007d50       0x89 esp-idf/unity/libunity.a(unity.c.o)
 .text.UnityPrintNumberByStyle
                0x0000000000007dd9       0xea esp-idf/unity/libunity.a(unity.c.o)
                0x0000000000007dd9                UnityPrintNumberByStyle
 .text.UnityConcludeTest
                0x0000000000007ec3       0x8d esp-idf/unity/libunity.a(unity.c.o)
                0x0000000000007ec3                UnityConcludeTest
 .text.UnityAssertEqualNumber
                0x0000000000007f50       0xae esp-idf/unity/libunity.a(unity.c.o)
                0x0000000000007f50                UnityAssertEqualNumber
 .text.UnityAssertGreaterOrLessOrEqualNumber
                0x0000000000007ffe      0x148 esp-idf/unity/libunity.a(unity.c.o)
                0x0000000000007ffe                UnityAssertGreaterOrLessOrEqualNumber
 .text.UnityAssertEqualIntArray
                0x0000000000008146      0x260 esp-idf/unity/libunity.a(unity.c.o)
                0x0000000000008146                UnityAssertEqualIntArray
 .text.UnityAssertEqualString
                0x00000000000083a6       0xcf esp-idf/unity/libunity.a(unity.c.o)
                0x00000000000083a6                UnityAssertEqualString
 .text.UnityFail
                0x0000000000008475       0xde esp-idf/unity/libunity.a(unity.c.o)
                0x0000000000008475                UnityFail
 .text.UnityBegin
                0x0000000000008553       0x6f esp-idf/unity/libunity.a(unity.c.o)
                0x0000000000008553                UnityBegin
 .text.UnityEnd
                0x00000000000085c2       0xb8 esp-idf/unity/libunity.a(unity.c.o)
                0x00000000000085c2                UnityEnd
 .text.unity_default_test_run
                0x000000000000867a       0x73 esp-idf/unity/libunity.a(unity_runner.c.o)
 .text.print_test_menu
                0x00000000000086ed      0x161 esp-idf/unity/libunity.a(unity_runner.c.o)
 .text.print_multiple_function_test_menu
                0x000000000000884e       0xa7 esp-idf/unity/libunity.a(unity_runner.c.o)
 .text.multiple_function_option
                0x00000000000088f5      0x24f esp-idf/unity/libunity.a(unity_runner.c.o)
 .text.unity_run_single_test
                0x0000000000008b44       0xed esp-idf/unity/libunity.a(unity_runner.c.o)
 .text.trim_trailing_space
                0x0000000000008c31       0x3b esp-idf/unity/libunity.a(unity_runner.c.o)
 .text.unity_testcase_register
                0x0000000000008c6c       0x2b esp-idf/unity/libunity.a(unity_runner.c.o)
                0x0000000000008c6c                unity_testcase_register
 .text.unity_run_test_by_index
                0x0000000000008c97       0x3e esp-idf/unity/libunity.a(unity_runner.c.o)
                0x0000000000008c97                unity_run_test_by_index
 .text.unity_run_single_test_by_index_parse
                0x0000000000008cd5       0x76 esp-idf/unity/libunity.a(unity_runner.c.o)
 .text.unity_run_test_by_name
                0x0000000000008d4b       0x3f esp-idf/unity/libunity.a(unity_runner.c.o)
                0x0000000000008d4b                unity_run_test_by_name
 .text.unity_run_all_tests
                0x0000000000008d8a       0x21 esp-idf/unity/libunity.a(unity_runner.c.o)
                0x0000000000008d8a                unity_run_all_tests
 .text.unity_run_tests_by_tag
                0x0000000000008dab       0x90 esp-idf/unity/libunity.a(unity_runner.c.o)
                0x0000000000008dab                unity_run_tests_by_tag
 .text.unity_get_test_count
                0x0000000000008e3b       0x21 esp-idf/unity/libunity.a(unity_runner.c.o)
                0x0000000000008e3b                unity_get_test_count
 .text.unity_run_menu
                0x0000000000008e5c      0x29f esp-idf/unity/libunity.a(unity_runner.c.o)
                0x0000000000008e5c                unity_run_menu
 .text.unity_putc
                0x00000000000090fb       0x19 esp-idf/unity/libunity.a(unity_port_linux.c.o)
                0x00000000000090fb                unity_putc
 .text.esp_unity_readline
                0x0000000000009114       0xb7 esp-idf/unity/libunity.a(unity_port_linux.c.o)
 .text.unity_flush
                0x00000000000091cb       0x2c esp-idf/unity/libunity.a(unity_port_linux.c.o)
                0x00000000000091cb                unity_flush
 .text.unity_gets
                0x00000000000091f7       0x12 esp-idf/unity/libunity.a(unity_port_linux.c.o)
                0x00000000000091f7                unity_gets
 .text.unity_exec_time_start
                0x0000000000009209       0x1e esp-idf/unity/libunity.a(unity_port_linux.c.o)
                0x0000000000009209                unity_exec_time_start
 .text.unity_exec_time_stop
                0x0000000000009227       0x1e esp-idf/unity/libunity.a(unity_port_linux.c.o)
                0x0000000000009227                unity_exec_time_stop
 .text.unity_exec_time_get_ms
                0x0000000000009245       0x46 esp-idf/unity/libunity.a(unity_port_linux.c.o)
                0x0000000000009245                unity_exec_time_get_ms
 .text.uffs_vprintf
                0x000000000000928b       0x7e esp-idf/uffs/libuffs.a(uffs_debug.c.o)
 .text.uffs_InitDebugMessageOutput
                0x0000000000009309       0x47 esp-idf/uffs/libuffs.a(uffs_debug.c.o)
                0x0000000000009309                uffs_InitDebugMessageOutput
 .text.uffs_DebugMessage
                0x0000000000009350      0x139 esp-idf/uffs/libuffs.a(uffs_debug.c.o)
                0x0000000000009350                uffs_DebugMessage
 .text.uffs_AssertCall
                0x0000000000009489      0x148 esp-idf/uffs/libuffs.a(uffs_debug.c.o)
                0x0000000000009489                uffs_AssertCall
 .text.uffs_FdSignatureIncrease
                0x00000000000095d1       0x23 esp-idf/uffs/libuffs.a(uffs_fd.c.o)
                0x00000000000095d1                uffs_FdSignatureIncrease
 .text.uffs_DirEntryBufInit
                0x00000000000095f4       0x36 esp-idf/uffs/libuffs.a(uffs_fd.c.o)
                0x00000000000095f4                uffs_DirEntryBufInit
 .text.uffs_DirEntryBufRelease
                0x000000000000962a       0x19 esp-idf/uffs/libuffs.a(uffs_fd.c.o)
                0x000000000000962a                uffs_DirEntryBufRelease
 .text.uffs_DirEntryBufPutAll
                0x0000000000009643       0x70 esp-idf/uffs/libuffs.a(uffs_fd.c.o)
                0x0000000000009643                uffs_DirEntryBufPutAll
 .text.uffs_set_error
                0x00000000000096b3        0xd esp-idf/uffs/libuffs.a(uffs_fd.c.o)
                0x00000000000096b3                uffs_set_error
 .text.do_stat  0x00000000000096c0      0x10e esp-idf/uffs/libuffs.a(uffs_fd.c.o)
 .text.uffs_open
                0x00000000000097ce       0xdb esp-idf/uffs/libuffs.a(uffs_fd.c.o)
                0x00000000000097ce                uffs_open
 .text.uffs_close
                0x00000000000098a9      0x14a esp-idf/uffs/libuffs.a(uffs_fd.c.o)
                0x00000000000098a9                uffs_close
 .text.uffs_read
                0x00000000000099f3      0x147 esp-idf/uffs/libuffs.a(uffs_fd.c.o)
                0x00000000000099f3                uffs_read
 .text.uffs_write
                0x0000000000009b3a      0x147 esp-idf/uffs/libuffs.a(uffs_fd.c.o)
                0x0000000000009b3a                uffs_write
 .text.uffs_stat
                0x0000000000009c81       0xc4 esp-idf/uffs/libuffs.a(uffs_fd.c.o)
                0x0000000000009c81                uffs_stat
 .text.uffs_remove
                0x0000000000009d45       0xa1 esp-idf/uffs/libuffs.a(uffs_fd.c.o)
                0x0000000000009d45                uffs_remove
 .text.uffs_format
                0x0000000000009de6       0x63 esp-idf/uffs/libuffs.a(uffs_fd.c.o)
                0x0000000000009de6                uffs_format
 .text._LoadObjectInfo
                0x0000000000009e49       0xf9 esp-idf/uffs/libuffs.a(uffs_find.c.o)
 .text.uffs_GetObjectInfo
                0x0000000000009f42       0xef esp-idf/uffs/libuffs.a(uffs_find.c.o)
                0x0000000000009f42                uffs_GetObjectInfo
 .text.GetDirLengthFromPath
                0x000000000000a031       0x33 esp-idf/uffs/libuffs.a(uffs_fs.c.o)
 .text.GetFdnByOfs
                0x000000000000a064       0x36 esp-idf/uffs/libuffs.a(uffs_fs.c.o)
 .text.GetStartOfDataBlock
                0x000000000000a09a       0x34 esp-idf/uffs/libuffs.a(uffs_fs.c.o)
 .text.do_WriteNewBlock
                0x000000000000a0ce      0x141 esp-idf/uffs/libuffs.a(uffs_fs.c.o)
 .text.do_ReleaseObjectResource
                0x000000000000a20f       0x3d esp-idf/uffs/libuffs.a(uffs_fs.c.o)
 .text.do_WriteInternalBlock
                0x000000000000a24c      0x264 esp-idf/uffs/libuffs.a(uffs_fs.c.o)
 .text.do_WriteObject
                0x000000000000a4b0      0x292 esp-idf/uffs/libuffs.a(uffs_fs.c.o)
 .text.do_TruncateInternalWithBlockRecover
                0x000000000000a742      0x337 esp-idf/uffs/libuffs.a(uffs_fs.c.o)
 .text.do_TruncateObject
                0x000000000000aa79      0x2dd esp-idf/uffs/libuffs.a(uffs_fs.c.o)
 .text.do_FlushObject
                0x000000000000ad56       0x9f esp-idf/uffs/libuffs.a(uffs_fs.c.o)
 .text.uffs_GetObjectPool
                0x000000000000adf5        0xc esp-idf/uffs/libuffs.a(uffs_fs.c.o)
                0x000000000000adf5                uffs_GetObjectPool
 .text.uffs_InitObjectBuf
                0x000000000000ae01       0x36 esp-idf/uffs/libuffs.a(uffs_fs.c.o)
                0x000000000000ae01                uffs_InitObjectBuf
 .text.uffs_ReleaseObjectBuf
                0x000000000000ae37       0x19 esp-idf/uffs/libuffs.a(uffs_fs.c.o)
                0x000000000000ae37                uffs_ReleaseObjectBuf
 .text.uffs_GetObject
                0x000000000000ae50       0x35 esp-idf/uffs/libuffs.a(uffs_fs.c.o)
                0x000000000000ae50                uffs_GetObject
 .text.uffs_ReInitObject
                0x000000000000ae85       0x38 esp-idf/uffs/libuffs.a(uffs_fs.c.o)
                0x000000000000ae85                uffs_ReInitObject
 .text.uffs_PutObject
                0x000000000000aebd       0x22 esp-idf/uffs/libuffs.a(uffs_fs.c.o)
                0x000000000000aebd                uffs_PutObject
 .text.uffs_PutAllObjectBuf
                0x000000000000aedf       0x61 esp-idf/uffs/libuffs.a(uffs_fs.c.o)
                0x000000000000aedf                uffs_PutAllObjectBuf
 .text.uffs_CreateObjectEx
                0x000000000000af40      0x3e3 esp-idf/uffs/libuffs.a(uffs_fs.c.o)
                0x000000000000af40                uffs_CreateObjectEx
 .text.uffs_OpenObjectEx
                0x000000000000b323      0x2d9 esp-idf/uffs/libuffs.a(uffs_fs.c.o)
                0x000000000000b323                uffs_OpenObjectEx
 .text.uffs_ParseObject
                0x000000000000b5fc      0x186 esp-idf/uffs/libuffs.a(uffs_fs.c.o)
                0x000000000000b5fc                uffs_ParseObject
 .text.uffs_OpenObject
                0x000000000000b782       0x55 esp-idf/uffs/libuffs.a(uffs_fs.c.o)
                0x000000000000b782                uffs_OpenObject
 .text.uffs_CloseObject
                0x000000000000b7d7       0x44 esp-idf/uffs/libuffs.a(uffs_fs.c.o)
                0x000000000000b7d7                uffs_CloseObject
 .text.uffs_WriteObject
                0x000000000000b81b      0x144 esp-idf/uffs/libuffs.a(uffs_fs.c.o)
                0x000000000000b81b                uffs_WriteObject
 .text.uffs_ReadObject
                0x000000000000b95f      0x295 esp-idf/uffs/libuffs.a(uffs_fs.c.o)
                0x000000000000b95f                uffs_ReadObject
 .text._CheckObjBufRef
                0x000000000000bbf4      0x1ab esp-idf/uffs/libuffs.a(uffs_fs.c.o)
                0x000000000000bbf4                _CheckObjBufRef
 .text.uffs_DeleteObject
                0x000000000000bd9f      0x2db esp-idf/uffs/libuffs.a(uffs_fs.c.o)
                0x000000000000bd9f                uffs_DeleteObject
 .text.uffs_InitDeviceConfig
                0x000000000000c07a       0xce esp-idf/uffs/libuffs.a(uffs_init.c.o)
 .text.uffs_InitDevice
                0x000000000000c148      0x156 esp-idf/uffs/libuffs.a(uffs_init.c.o)
                0x000000000000c148                uffs_InitDevice
 .text.uffs_ReleaseDevice
                0x000000000000c29e      0x153 esp-idf/uffs/libuffs.a(uffs_init.c.o)
                0x000000000000c29e                uffs_ReleaseDevice
 .text.uffs_InitFileSystemObjects
                0x000000000000c3f1       0x30 esp-idf/uffs/libuffs.a(uffs_init.c.o)
                0x000000000000c3f1                uffs_InitFileSystemObjects
 .text.uffs_ReleaseFileSystemObjects
                0x000000000000c421       0x30 esp-idf/uffs/libuffs.a(uffs_init.c.o)
                0x000000000000c421                uffs_ReleaseFileSystemObjects
 .text.uffs_GetMountTableByMountPoint
                0x000000000000c451       0x31 esp-idf/uffs/libuffs.a(uffs_mtb.c.o)
 .text.uffs_RegisterMountTable
                0x000000000000c482       0x86 esp-idf/uffs/libuffs.a(uffs_mtb.c.o)
                0x000000000000c482                uffs_RegisterMountTable
 .text.uffs_Mount
                0x000000000000c508      0x232 esp-idf/uffs/libuffs.a(uffs_mtb.c.o)
                0x000000000000c508                uffs_Mount
 .text.uffs_UnMount
                0x000000000000c73a      0x1b9 esp-idf/uffs/libuffs.a(uffs_mtb.c.o)
                0x000000000000c73a                uffs_UnMount
 .text.uffs_GetDeviceFromMountPoint
                0x000000000000c8f3       0x33 esp-idf/uffs/libuffs.a(uffs_mtb.c.o)
                0x000000000000c8f3                uffs_GetDeviceFromMountPoint
 .text.uffs_GetDeviceFromMountPointEx
                0x000000000000c926       0x6c esp-idf/uffs/libuffs.a(uffs_mtb.c.o)
                0x000000000000c926                uffs_GetDeviceFromMountPointEx
 .text.uffs_PutDevice
                0x000000000000c992       0x14 esp-idf/uffs/libuffs.a(uffs_mtb.c.o)
                0x000000000000c992                uffs_PutDevice
 .text.uffs_GetMatchedMountPointSize
                0x000000000000c9a6       0x66 esp-idf/uffs/libuffs.a(uffs_mtb.c.o)
                0x000000000000c9a6                uffs_GetMatchedMountPointSize
 .text.uffs_PoolInit
                0x000000000000ca0c      0x158 esp-idf/uffs/libuffs.a(uffs_pool.c.o)
                0x000000000000ca0c                uffs_PoolInit
 .text.uffs_PoolVerify
                0x000000000000cb64       0x52 esp-idf/uffs/libuffs.a(uffs_pool.c.o)
                0x000000000000cb64                uffs_PoolVerify
 .text.uffs_PoolRelease
                0x000000000000cbb6       0x57 esp-idf/uffs/libuffs.a(uffs_pool.c.o)
                0x000000000000cbb6                uffs_PoolRelease
 .text.uffs_PoolGet
                0x000000000000cc0d       0x41 esp-idf/uffs/libuffs.a(uffs_pool.c.o)
                0x000000000000cc0d                uffs_PoolGet
 .text.uffs_PoolPut
                0x000000000000cc4e       0x50 esp-idf/uffs/libuffs.a(uffs_pool.c.o)
                0x000000000000cc4e                uffs_PoolPut
 .text.uffs_PoolGetBufByIndex
                0x000000000000cc9e       0x6a esp-idf/uffs/libuffs.a(uffs_pool.c.o)
                0x000000000000cc9e                uffs_PoolGetBufByIndex
 .text.uffs_PoolGetIndex
                0x000000000000cd08       0x93 esp-idf/uffs/libuffs.a(uffs_pool.c.o)
                0x000000000000cd08                uffs_PoolGetIndex
 .text.FindNextAllocatedInSmallPool
                0x000000000000cd9b       0x89 esp-idf/uffs/libuffs.a(uffs_pool.c.o)
 .text.uffs_PoolCheckFreeList
                0x000000000000ce24       0x1e esp-idf/uffs/libuffs.a(uffs_pool.c.o)
                0x000000000000ce24                uffs_PoolCheckFreeList
 .text.uffs_PoolFindNextAllocated
                0x000000000000ce42       0x85 esp-idf/uffs/libuffs.a(uffs_pool.c.o)
                0x000000000000ce42                uffs_PoolFindNextAllocated
 .text.uffs_GetFirstBlockTimeStamp
                0x000000000000cec7        0xa esp-idf/uffs/libuffs.a(uffs_public.c.o)
                0x000000000000cec7                uffs_GetFirstBlockTimeStamp
 .text.uffs_GetNextBlockTimeStamp
                0x000000000000ced1       0x24 esp-idf/uffs/libuffs.a(uffs_public.c.o)
                0x000000000000ced1                uffs_GetNextBlockTimeStamp
 .text.uffs_IsSrcNewerThanObj
                0x000000000000cef5       0x95 esp-idf/uffs/libuffs.a(uffs_public.c.o)
                0x000000000000cef5                uffs_IsSrcNewerThanObj
 .text.uffs_FindBestPageInBlock
                0x000000000000cf8a      0x156 esp-idf/uffs/libuffs.a(uffs_public.c.o)
                0x000000000000cf8a                uffs_FindBestPageInBlock
 .text.uffs_FindPageInBlockWithPageId
                0x000000000000d0e0       0x73 esp-idf/uffs/libuffs.a(uffs_public.c.o)
                0x000000000000d0e0                uffs_FindPageInBlockWithPageId
 .text.uffs_IsThisBlockUsed
                0x000000000000d153       0x21 esp-idf/uffs/libuffs.a(uffs_public.c.o)
                0x000000000000d153                uffs_IsThisBlockUsed
 .text.uffs_GetBlockTimeStamp
                0x000000000000d174       0x44 esp-idf/uffs/libuffs.a(uffs_public.c.o)
                0x000000000000d174                uffs_GetBlockTimeStamp
 .text.uffs_MakeSum16
                0x000000000000d1b8       0x12 esp-idf/uffs/libuffs.a(uffs_public.c.o)
                0x000000000000d1b8                uffs_MakeSum16
 .text.uffs_GetBlockFileDataLength
                0x000000000000d1ca      0x1b3 esp-idf/uffs/libuffs.a(uffs_public.c.o)
                0x000000000000d1ca                uffs_GetBlockFileDataLength
 .text.uffs_IsPageErased
                0x000000000000d37d       0x49 esp-idf/uffs/libuffs.a(uffs_public.c.o)
                0x000000000000d37d                uffs_IsPageErased
 .text.uffs_GetFreePagesCount
                0x000000000000d3c6       0x76 esp-idf/uffs/libuffs.a(uffs_public.c.o)
                0x000000000000d3c6                uffs_GetFreePagesCount
 .text.uffs_LoadMiniHeader
                0x000000000000d43c       0x74 esp-idf/uffs/libuffs.a(uffs_public.c.o)
                0x000000000000d43c                uffs_LoadMiniHeader
 .text.uffs_TreeGetErasedNodeNoCheck
                0x000000000000d4b0       0x47 esp-idf/uffs/libuffs.a(uffs_tree.c.o)
 .text._GetBlockFromNode
                0x000000000000d4f7       0x54 esp-idf/uffs/libuffs.a(uffs_tree.c.o)
 .text._InsertToEntry
                0x000000000000d54b       0x6e esp-idf/uffs/libuffs.a(uffs_tree.c.o)
 .text.uffs_InsertToDirEntry
                0x000000000000d5b9       0x1f esp-idf/uffs/libuffs.a(uffs_tree.c.o)
 .text.uffs_InsertToFileEntry
                0x000000000000d5d8       0x1f esp-idf/uffs/libuffs.a(uffs_tree.c.o)
 .text.uffs_InsertToDataEntry
                0x000000000000d5f7       0x26 esp-idf/uffs/libuffs.a(uffs_tree.c.o)
 .text._ScanAndFixUnCleanPage
                0x000000000000d61d      0x17f esp-idf/uffs/libuffs.a(uffs_tree.c.o)
 .text.uffs_TreeInit
                0x000000000000d79c      0x1a9 esp-idf/uffs/libuffs.a(uffs_tree.c.o)
                0x000000000000d79c                uffs_TreeInit
 .text.uffs_TreeRelease
                0x000000000000d945       0x66 esp-idf/uffs/libuffs.a(uffs_tree.c.o)
                0x000000000000d945                uffs_TreeRelease
 .text.uffs_InsertNodeToTree
                0x000000000000d9ab       0x5c esp-idf/uffs/libuffs.a(uffs_tree.c.o)
                0x000000000000d9ab                uffs_InsertNodeToTree
 .text.uffs_TreeFindFileNode
                0x000000000000da07       0x49 esp-idf/uffs/libuffs.a(uffs_tree.c.o)
                0x000000000000da07                uffs_TreeFindFileNode
 .text.uffs_TreeSuspendAdd
                0x000000000000da50       0x2e esp-idf/uffs/libuffs.a(uffs_tree.c.o)
                0x000000000000da50                uffs_TreeSuspendAdd
 .text.uffs_TreeFindSuspendNode
                0x000000000000da7e       0x1c esp-idf/uffs/libuffs.a(uffs_tree.c.o)
                0x000000000000da7e                uffs_TreeFindSuspendNode
 .text.uffs_TreeRemoveSuspendNode
                0x000000000000da9a       0x39 esp-idf/uffs/libuffs.a(uffs_tree.c.o)
                0x000000000000da9a                uffs_TreeRemoveSuspendNode
 .text.uffs_TreeFindFileNodeWithParent
                0x000000000000dad3       0x57 esp-idf/uffs/libuffs.a(uffs_tree.c.o)
                0x000000000000dad3                uffs_TreeFindFileNodeWithParent
 .text.uffs_TreeFindDirNode
                0x000000000000db2a       0x49 esp-idf/uffs/libuffs.a(uffs_tree.c.o)
                0x000000000000db2a                uffs_TreeFindDirNode
 .text.uffs_TreeFindDirNodeWithParent
                0x000000000000db73       0x55 esp-idf/uffs/libuffs.a(uffs_tree.c.o)
                0x000000000000db73                uffs_TreeFindDirNodeWithParent
 .text.uffs_TreeFindDataNode
                0x000000000000dbc8       0x54 esp-idf/uffs/libuffs.a(uffs_tree.c.o)
                0x000000000000dbc8                uffs_TreeFindDataNode
 .text.uffs_FindFromTree
                0x000000000000dc1c       0x6f esp-idf/uffs/libuffs.a(uffs_tree.c.o)
                0x000000000000dc1c                uffs_FindFromTree
 .text.uffs_TreeFindDirNodeByBlock
                0x000000000000dc8b       0x54 esp-idf/uffs/libuffs.a(uffs_tree.c.o)
                0x000000000000dc8b                uffs_TreeFindDirNodeByBlock
 .text.uffs_TreeFindErasedNodeByBlock
                0x000000000000dcdf       0x1c esp-idf/uffs/libuffs.a(uffs_tree.c.o)
                0x000000000000dcdf                uffs_TreeFindErasedNodeByBlock
 .text.uffs_TreeFindBadNodeByBlock
                0x000000000000dcfb       0x1c esp-idf/uffs/libuffs.a(uffs_tree.c.o)
                0x000000000000dcfb                uffs_TreeFindBadNodeByBlock
 .text.uffs_TreeFindFileNodeByBlock
                0x000000000000dd17       0x56 esp-idf/uffs/libuffs.a(uffs_tree.c.o)
                0x000000000000dd17                uffs_TreeFindFileNodeByBlock
 .text.uffs_TreeFindDataNodeByBlock
                0x000000000000dd6d       0x57 esp-idf/uffs/libuffs.a(uffs_tree.c.o)
                0x000000000000dd6d                uffs_TreeFindDataNodeByBlock
 .text.uffs_TreeFindNodeByBlock
                0x000000000000ddc4       0xb5 esp-idf/uffs/libuffs.a(uffs_tree.c.o)
                0x000000000000ddc4                uffs_TreeFindNodeByBlock
 .text.uffs_CompareFileName
                0x000000000000de79       0x30 esp-idf/uffs/libuffs.a(uffs_tree.c.o)
                0x000000000000de79                uffs_CompareFileName
 .text.uffs_TreeCompareFileName
                0x000000000000dea9      0x117 esp-idf/uffs/libuffs.a(uffs_tree.c.o)
                0x000000000000dea9                uffs_TreeCompareFileName
 .text.uffs_TreeFindFileNodeByName
                0x000000000000dfc0       0xa5 esp-idf/uffs/libuffs.a(uffs_tree.c.o)
                0x000000000000dfc0                uffs_TreeFindFileNodeByName
 .text.uffs_TreeFindDirNodeByName
                0x000000000000e065       0xa5 esp-idf/uffs/libuffs.a(uffs_tree.c.o)
                0x000000000000e065                uffs_TreeFindDirNodeByName
 .text.uffs_FindFreeFsnSerial
                0x000000000000e10a       0x5a esp-idf/uffs/libuffs.a(uffs_tree.c.o)
                0x000000000000e10a                uffs_FindFreeFsnSerial
 .text.uffs_TreeEraseNode
                0x000000000000e164       0x7b esp-idf/uffs/libuffs.a(uffs_tree.c.o)
                0x000000000000e164                uffs_TreeEraseNode
 .text.uffs_TreeGetErasedNode
                0x000000000000e1df       0x7c esp-idf/uffs/libuffs.a(uffs_tree.c.o)
                0x000000000000e1df                uffs_TreeGetErasedNode
 .text.uffs_BreakFromEntry
                0x000000000000e25b      0x112 esp-idf/uffs/libuffs.a(uffs_tree.c.o)
                0x000000000000e25b                uffs_BreakFromEntry
 .text.uffs_InsertToErasedListHead
                0x000000000000e36d       0x52 esp-idf/uffs/libuffs.a(uffs_tree.c.o)
                0x000000000000e36d                uffs_InsertToErasedListHead
 .text.uffs_TreeInsertToErasedListTailEx
                0x000000000000e3bf       0x4f esp-idf/uffs/libuffs.a(uffs_tree.c.o)
                0x000000000000e3bf                uffs_TreeInsertToErasedListTailEx
 .text._BuildTreeStepTwo
                0x000000000000e40e       0xae esp-idf/uffs/libuffs.a(uffs_tree.c.o)
 .text.uffs_TreeInsertToErasedListTail
                0x000000000000e4bc        0xf esp-idf/uffs/libuffs.a(uffs_tree.c.o)
                0x000000000000e4bc                uffs_TreeInsertToErasedListTail
 .text.uffs_TreeProcessPendingBadBlock
                0x000000000000e4cb       0x89 esp-idf/uffs/libuffs.a(uffs_tree.c.o)
 .text._BuildValidTreeNode
                0x000000000000e554      0x5f5 esp-idf/uffs/libuffs.a(uffs_tree.c.o)
 .text._BuildTreeStepThree
                0x000000000000eb49      0x169 esp-idf/uffs/libuffs.a(uffs_tree.c.o)
 .text.uffs_TreeInsertToBadBlockList
                0x000000000000ecb2       0x36 esp-idf/uffs/libuffs.a(uffs_tree.c.o)
                0x000000000000ecb2                uffs_TreeInsertToBadBlockList
 .text._BuildTreeStepOne
                0x000000000000ece8      0x3a4 esp-idf/uffs/libuffs.a(uffs_tree.c.o)
 .text.uffs_BuildTree
                0x000000000000f08c       0xe2 esp-idf/uffs/libuffs.a(uffs_tree.c.o)
                0x000000000000f08c                uffs_BuildTree
 .text.uffs_InitGlobalFsLock
                0x000000000000f16e       0x42 esp-idf/uffs/libuffs.a(uffs_utils.c.o)
                0x000000000000f16e                uffs_InitGlobalFsLock
 .text.uffs_ReleaseGlobalFsLock
                0x000000000000f1b0       0x19 esp-idf/uffs/libuffs.a(uffs_utils.c.o)
                0x000000000000f1b0                uffs_ReleaseGlobalFsLock
 .text.uffs_GlobalFsLockLock
                0x000000000000f1c9       0x19 esp-idf/uffs/libuffs.a(uffs_utils.c.o)
                0x000000000000f1c9                uffs_GlobalFsLockLock
 .text.uffs_GlobalFsLockUnlock
                0x000000000000f1e2       0x19 esp-idf/uffs/libuffs.a(uffs_utils.c.o)
                0x000000000000f1e2                uffs_GlobalFsLockUnlock
 .text.uffs_FormatDeviceEx
                0x000000000000f1fb      0x269 esp-idf/uffs/libuffs.a(uffs_utils.c.o)
                0x000000000000f1fb                uffs_FormatDeviceEx
 .text.uffs_SemCreate
                0x000000000000f464       0x4f esp-idf/uffs/libuffs.a(uffs_port.c.o)
                0x000000000000f464                uffs_SemCreate
 .text.uffs_SemWait
                0x000000000000f4b3       0x2b esp-idf/uffs/libuffs.a(uffs_port.c.o)
                0x000000000000f4b3                uffs_SemWait
 .text.uffs_SemSignal
                0x000000000000f4de       0x33 esp-idf/uffs/libuffs.a(uffs_port.c.o)
                0x000000000000f4de                uffs_SemSignal
 .text.uffs_SemDelete
                0x000000000000f511       0x2e esp-idf/uffs/libuffs.a(uffs_port.c.o)
                0x000000000000f511                uffs_SemDelete
 .text.uffs_GetCurDateTime
                0x000000000000f53f       0x42 esp-idf/uffs/libuffs.a(uffs_port.c.o)
                0x000000000000f53f                uffs_GetCurDateTime
 .text.uffs_spi_nand_device_init
                0x000000000000f581       0x21 esp-idf/uffs/libuffs.a(esp_spi_nand.c.o)
 .text.uffs_spi_nand_device_release
                0x000000000000f5a2       0x27 esp-idf/uffs/libuffs.a(esp_spi_nand.c.o)
 .text.uffs_spi_nand_free
                0x000000000000f5c9       0x1a esp-idf/uffs/libuffs.a(esp_spi_nand.c.o)
 .text.uffs_spi_nand_malloc
                0x000000000000f5e3       0x14 esp-idf/uffs/libuffs.a(esp_spi_nand.c.o)
 .text.uffs_spi_nand_init_generic
                0x000000000000f5f7      0x139 esp-idf/uffs/libuffs.a(esp_spi_nand.c.o)
                0x000000000000f5f7                uffs_spi_nand_init_generic
 .text.esp_uffs_spi_nand_init
                0x000000000000f730      0x1dd esp-idf/uffs/libuffs.a(esp_spi_nand.c.o)
                0x000000000000f730                esp_uffs_spi_nand_init
 .text.uffs_BadBlockPendingTypeName
                0x000000000000f90d       0x2e esp-idf/uffs/libuffs.a(uffs_badblock.c.o)
 .text.uffs_BadBlockInit
                0x000000000000f93b       0x18 esp-idf/uffs/libuffs.a(uffs_badblock.c.o)
                0x000000000000f93b                uffs_BadBlockInit
 .text.uffs_BadBlockProcessNode
                0x000000000000f953       0x31 esp-idf/uffs/libuffs.a(uffs_badblock.c.o)
                0x000000000000f953                uffs_BadBlockProcessNode
 .text.process_pending_recover
                0x000000000000f984      0x6ba esp-idf/uffs/libuffs.a(uffs_badblock.c.o)
 .text.uffs_BadBlockRecover
                0x000000000001003e       0x9b esp-idf/uffs/libuffs.a(uffs_badblock.c.o)
                0x000000000001003e                uffs_BadBlockRecover
 .text.uffs_BadBlockAdd
                0x00000000000100d9      0x11e esp-idf/uffs/libuffs.a(uffs_badblock.c.o)
                0x00000000000100d9                uffs_BadBlockAdd
 .text.uffs_BadBlockAddByFlashResult
                0x00000000000101f7       0x54 esp-idf/uffs/libuffs.a(uffs_badblock.c.o)
                0x00000000000101f7                uffs_BadBlockAddByFlashResult
 .text.uffs_BadBlockPendingNodeGet
                0x000000000001024b       0x36 esp-idf/uffs/libuffs.a(uffs_badblock.c.o)
                0x000000000001024b                uffs_BadBlockPendingNodeGet
 .text.uffs_BadBlockPendingRemove
                0x0000000000010281       0xaa esp-idf/uffs/libuffs.a(uffs_badblock.c.o)
                0x0000000000010281                uffs_BadBlockPendingRemove
 .text._BreakBcFromList
                0x000000000001032b       0x3e esp-idf/uffs/libuffs.a(uffs_blockinfo.c.o)
 .text._InsertToBcListTail
                0x0000000000010369       0x17 esp-idf/uffs/libuffs.a(uffs_blockinfo.c.o)
 .text._MoveBcToTail
                0x0000000000010380       0x1b esp-idf/uffs/libuffs.a(uffs_blockinfo.c.o)
 .text.uffs_BlockInfoReleaseCache
                0x000000000001039b       0x8f esp-idf/uffs/libuffs.a(uffs_blockinfo.c.o)
                0x000000000001039b                uffs_BlockInfoReleaseCache
 .text.uffs_BlockInfoInitCache
                0x000000000001042a      0x235 esp-idf/uffs/libuffs.a(uffs_blockinfo.c.o)
                0x000000000001042a                uffs_BlockInfoInitCache
 .text.uffs_BlockInfoLoad
                0x000000000001065f      0x1fe esp-idf/uffs/libuffs.a(uffs_blockinfo.c.o)
                0x000000000001065f                uffs_BlockInfoLoad
 .text.uffs_BlockInfoFindInCache
                0x000000000001085d       0x25 esp-idf/uffs/libuffs.a(uffs_blockinfo.c.o)
                0x000000000001085d                uffs_BlockInfoFindInCache
 .text.uffs_BlockInfoGet
                0x0000000000010882       0xc1 esp-idf/uffs/libuffs.a(uffs_blockinfo.c.o)
                0x0000000000010882                uffs_BlockInfoGet
 .text.uffs_BlockInfoPut
                0x0000000000010943       0x45 esp-idf/uffs/libuffs.a(uffs_blockinfo.c.o)
                0x0000000000010943                uffs_BlockInfoPut
 .text.uffs_BlockInfoExpire
                0x0000000000010988       0x82 esp-idf/uffs/libuffs.a(uffs_blockinfo.c.o)
                0x0000000000010988                uffs_BlockInfoExpire
 .text.uffs_BlockInfoIsAllFree
                0x0000000000010a0a       0x24 esp-idf/uffs/libuffs.a(uffs_blockinfo.c.o)
                0x0000000000010a0a                uffs_BlockInfoIsAllFree
 .text.uffs_BlockInfoExpireAll
                0x0000000000010a2e       0x2a esp-idf/uffs/libuffs.a(uffs_blockinfo.c.o)
                0x0000000000010a2e                uffs_BlockInfoExpireAll
 .text.uffs_BlockInfoInitErased
                0x0000000000010a58       0x45 esp-idf/uffs/libuffs.a(uffs_blockinfo.c.o)
                0x0000000000010a58                uffs_BlockInfoInitErased
 .text._BreakFromBufList
                0x0000000000010a9d       0x3e esp-idf/uffs/libuffs.a(uffs_buf.c.o)
 .text._LinkToBufListHead
                0x0000000000010adb       0x30 esp-idf/uffs/libuffs.a(uffs_buf.c.o)
 .text._MoveNodeToHead
                0x0000000000010b0b       0x22 esp-idf/uffs/libuffs.a(uffs_buf.c.o)
 .text._InsertToCloneBufList
                0x0000000000010b2d        0xc esp-idf/uffs/libuffs.a(uffs_buf.c.o)
 .text._GetFreeCloneBuf
                0x0000000000010b39       0x11 esp-idf/uffs/libuffs.a(uffs_buf.c.o)
 .text._IsBufInInDirtyList
                0x0000000000010b4a       0x27 esp-idf/uffs/libuffs.a(uffs_buf.c.o)
 .text._FindFreeBuf
                0x0000000000010b71       0x1e esp-idf/uffs/libuffs.a(uffs_buf.c.o)
 .text._FindBufInDirtyList
                0x0000000000010b8f       0x15 esp-idf/uffs/libuffs.a(uffs_buf.c.o)
 .text._FindMostDirtyGroup
                0x0000000000010ba4       0x5d esp-idf/uffs/libuffs.a(uffs_buf.c.o)
 .text._CheckDirtyList
                0x0000000000010c01       0xaa esp-idf/uffs/libuffs.a(uffs_buf.c.o)
 .text._LinkToDirtyList
                0x0000000000010cab       0x7e esp-idf/uffs/libuffs.a(uffs_buf.c.o)
 .text._GetDirOrFileNameSum
                0x0000000000010d29       0x32 esp-idf/uffs/libuffs.a(uffs_buf.c.o)
 .text.uffs_BufInit
                0x0000000000010d5b      0x298 esp-idf/uffs/libuffs.a(uffs_buf.c.o)
                0x0000000000010d5b                uffs_BufInit
 .text.uffs_BufFindFrom
                0x0000000000010ff3       0x35 esp-idf/uffs/libuffs.a(uffs_buf.c.o)
                0x0000000000010ff3                uffs_BufFindFrom
 .text.uffs_BufFind
                0x0000000000011028       0x1b esp-idf/uffs/libuffs.a(uffs_buf.c.o)
                0x0000000000011028                uffs_BufFind
 .text._FindMinimunPageIdFromDirtyList
                0x0000000000011043       0x77 esp-idf/uffs/libuffs.a(uffs_buf.c.o)
                0x0000000000011043                _FindMinimunPageIdFromDirtyList
 .text.uffs_BufLockGroup
                0x00000000000110ba       0x39 esp-idf/uffs/libuffs.a(uffs_buf.c.o)
                0x00000000000110ba                uffs_BufLockGroup
 .text.uffs_BufUnLockGroup
                0x00000000000110f3       0x7e esp-idf/uffs/libuffs.a(uffs_buf.c.o)
                0x00000000000110f3                uffs_BufUnLockGroup
 .text.uffs_BufFindFreeGroupSlot
                0x0000000000011171       0x33 esp-idf/uffs/libuffs.a(uffs_buf.c.o)
                0x0000000000011171                uffs_BufFindFreeGroupSlot
 .text.uffs_BufFindGroupSlot
                0x00000000000111a4       0x41 esp-idf/uffs/libuffs.a(uffs_buf.c.o)
                0x00000000000111a4                uffs_BufFindGroupSlot
 .text._BreakFromDirty
                0x00000000000111e5      0x10f esp-idf/uffs/libuffs.a(uffs_buf.c.o)
 .text.uffs_BufGet
                0x00000000000112f4       0x3b esp-idf/uffs/libuffs.a(uffs_buf.c.o)
                0x00000000000112f4                uffs_BufGet
 .text.uffs_BufClone
                0x000000000001132f       0xb5 esp-idf/uffs/libuffs.a(uffs_buf.c.o)
                0x000000000001132f                uffs_BufClone
 .text.uffs_BufFreeClone
                0x00000000000113e4       0x65 esp-idf/uffs/libuffs.a(uffs_buf.c.o)
                0x00000000000113e4                uffs_BufFreeClone
 .text.uffs_BufPut
                0x0000000000011449       0xcb esp-idf/uffs/libuffs.a(uffs_buf.c.o)
                0x0000000000011449                uffs_BufPut
 .text.uffs_BufFlush_Exist_With_BlockRecover
                0x0000000000011514      0xb53 esp-idf/uffs/libuffs.a(uffs_buf.c.o)
 .text._BufFlush_NewBlock
                0x0000000000012067      0x122 esp-idf/uffs/libuffs.a(uffs_buf.c.o)
 .text.uffs_BufFlush_Exist_With_Enough_FreePage
                0x0000000000012189      0x2fe esp-idf/uffs/libuffs.a(uffs_buf.c.o)
 .text._BufFlush
                0x0000000000012487      0x237 esp-idf/uffs/libuffs.a(uffs_buf.c.o)
                0x0000000000012487                _BufFlush
 .text.uffs_BufFlushAll
                0x00000000000126be       0x71 esp-idf/uffs/libuffs.a(uffs_buf.c.o)
                0x00000000000126be                uffs_BufFlushAll
 .text.uffs_BufReleaseAll
                0x000000000001272f       0xfc esp-idf/uffs/libuffs.a(uffs_buf.c.o)
                0x000000000001272f                uffs_BufReleaseAll
 .text.uffs_BufFlushMostDirtyGroup
                0x000000000001282b       0x29 esp-idf/uffs/libuffs.a(uffs_buf.c.o)
                0x000000000001282b                uffs_BufFlushMostDirtyGroup
 .text.uffs_BufNew
                0x0000000000012854      0x13d esp-idf/uffs/libuffs.a(uffs_buf.c.o)
                0x0000000000012854                uffs_BufNew
 .text.uffs_BufGetEx
                0x0000000000012991      0x3d9 esp-idf/uffs/libuffs.a(uffs_buf.c.o)
                0x0000000000012991                uffs_BufGetEx
 .text.uffs_BufFlushGroup
                0x0000000000012d6a       0x2f esp-idf/uffs/libuffs.a(uffs_buf.c.o)
                0x0000000000012d6a                uffs_BufFlushGroup
 .text.uffs_BufFlushGroupEx
                0x0000000000012d99       0x38 esp-idf/uffs/libuffs.a(uffs_buf.c.o)
                0x0000000000012d99                uffs_BufFlushGroupEx
 .text.uffs_BufFlushGroupMatchParent
                0x0000000000012dd1       0x5b esp-idf/uffs/libuffs.a(uffs_buf.c.o)
                0x0000000000012dd1                uffs_BufFlushGroupMatchParent
 .text.uffs_BufIsAllFree
                0x0000000000012e2c       0x25 esp-idf/uffs/libuffs.a(uffs_buf.c.o)
                0x0000000000012e2c                uffs_BufIsAllFree
 .text.uffs_BufSetAllEmpty
                0x0000000000012e51       0x19 esp-idf/uffs/libuffs.a(uffs_buf.c.o)
                0x0000000000012e51                uffs_BufSetAllEmpty
 .text.uffs_BufMarkEmpty
                0x0000000000012e6a       0x2e esp-idf/uffs/libuffs.a(uffs_buf.c.o)
                0x0000000000012e6a                uffs_BufMarkEmpty
 .text.uffs_BufWrite
                0x0000000000012e98      0x1c3 esp-idf/uffs/libuffs.a(uffs_buf.c.o)
                0x0000000000012e98                uffs_BufWrite
 .text.uffs_BufRead
                0x000000000001305b       0x4c esp-idf/uffs/libuffs.a(uffs_buf.c.o)
                0x000000000001305b                uffs_BufRead
 .text.uffs_crc16update
                0x00000000000130a7       0x3b esp-idf/uffs/libuffs.a(uffs_crc.c.o)
                0x00000000000130a7                uffs_crc16update
 .text.uffs_crc16sum
                0x00000000000130e2        0xf esp-idf/uffs/libuffs.a(uffs_crc.c.o)
                0x00000000000130e2                uffs_crc16sum
 .text.uffs_DeviceInitLock
                0x00000000000130f1        0x5 esp-idf/uffs/libuffs.a(uffs_device.c.o)
                0x00000000000130f1                uffs_DeviceInitLock
 .text.uffs_DeviceReleaseLock
                0x00000000000130f6        0x5 esp-idf/uffs/libuffs.a(uffs_device.c.o)
                0x00000000000130f6                uffs_DeviceReleaseLock
 .text.uffs_DeviceLock
                0x00000000000130fb        0x5 esp-idf/uffs/libuffs.a(uffs_device.c.o)
                0x00000000000130fb                uffs_DeviceLock
 .text.uffs_DeviceUnLock
                0x0000000000013100        0x5 esp-idf/uffs/libuffs.a(uffs_device.c.o)
                0x0000000000013100                uffs_DeviceUnLock
 .text.InitSpareLayout
                0x0000000000013105       0xf3 esp-idf/uffs/libuffs.a(uffs_flash.c.o)
 .text.CalculateSpareDataSize
                0x00000000000131f8       0xa0 esp-idf/uffs/libuffs.a(uffs_flash.c.o)
 .text.TagMakeEcc
                0x0000000000013298       0x2d esp-idf/uffs/libuffs.a(uffs_flash.c.o)
 .text.TagEccCorrect
                0x00000000000132c5       0x4e esp-idf/uffs/libuffs.a(uffs_flash.c.o)
 .text.uffs_FlashInterfaceInit
                0x0000000000013313      0x3f3 esp-idf/uffs/libuffs.a(uffs_flash.c.o)
                0x0000000000013313                uffs_FlashInterfaceInit
 .text.uffs_FlashInterfaceRelease
                0x0000000000013706       0x8a esp-idf/uffs/libuffs.a(uffs_flash.c.o)
                0x0000000000013706                uffs_FlashInterfaceRelease
 .text.uffs_FlashUnloadSpare
                0x0000000000013790       0xe0 esp-idf/uffs/libuffs.a(uffs_flash.c.o)
                0x0000000000013790                uffs_FlashUnloadSpare
 .text.uffs_FlashReadPageTag
                0x0000000000013870      0x273 esp-idf/uffs/libuffs.a(uffs_flash.c.o)
                0x0000000000013870                uffs_FlashReadPageTag
 .text.uffs_FlashReadPage
                0x0000000000013ae3      0x411 esp-idf/uffs/libuffs.a(uffs_flash.c.o)
                0x0000000000013ae3                uffs_FlashReadPage
 .text.uffs_FlashMakeSpare
                0x0000000000013ef4      0x176 esp-idf/uffs/libuffs.a(uffs_flash.c.o)
                0x0000000000013ef4                uffs_FlashMakeSpare
 .text.uffs_FlashWritePageCombine
                0x000000000001406a      0x402 esp-idf/uffs/libuffs.a(uffs_flash.c.o)
                0x000000000001406a                uffs_FlashWritePageCombine
 .text.uffs_FlashMarkBadBlock
                0x000000000001446c      0x108 esp-idf/uffs/libuffs.a(uffs_flash.c.o)
                0x000000000001446c                uffs_FlashMarkBadBlock
 .text.uffs_FlashIsBadBlock
                0x0000000000014574      0x103 esp-idf/uffs/libuffs.a(uffs_flash.c.o)
                0x0000000000014574                uffs_FlashIsBadBlock
 .text.uffs_FlashEraseBlock
                0x0000000000014677       0x56 esp-idf/uffs/libuffs.a(uffs_flash.c.o)
                0x0000000000014677                uffs_FlashEraseBlock
 .text.uffs_FlashCheckErasedBlock
                0x00000000000146cd      0x288 esp-idf/uffs/libuffs.a(uffs_flash.c.o)
                0x00000000000146cd                uffs_FlashCheckErasedBlock
 .text.spi_nand_op
                0x0000000000014955       0x73 esp-idf/uffs/libuffs.a(esp_spi_nand_common.c.o)
                0x0000000000014955                spi_nand_op
 .text.spi_nand_wait_busy
                0x00000000000149c8      0x10e esp-idf/uffs/libuffs.a(esp_spi_nand_common.c.o)
                0x00000000000149c8                spi_nand_wait_busy
 .text.spi_nand_write_enable
                0x0000000000014ad6       0x51 esp-idf/uffs/libuffs.a(esp_spi_nand_common.c.o)
                0x0000000000014ad6                spi_nand_write_enable
 .text.uffs_spi_nand_read_page_generic
                0x0000000000014b27      0x232 esp-idf/uffs/libuffs.a(esp_spi_nand_common.c.o)
                0x0000000000014b27                uffs_spi_nand_read_page_generic
 .text.uffs_spi_nand_write_page_generic
                0x0000000000014d59      0x2a0 esp-idf/uffs/libuffs.a(esp_spi_nand_common.c.o)
                0x0000000000014d59                uffs_spi_nand_write_page_generic
 .text.uffs_spi_nand_erase_block_generic
                0x0000000000014ff9      0x103 esp-idf/uffs/libuffs.a(esp_spi_nand_common.c.o)
                0x0000000000014ff9                uffs_spi_nand_erase_block_generic
 .text.uffs_winbond_release_flash
                0x00000000000150fc        0xa esp-idf/uffs/libuffs.a(esp_spi_nand_winbond.c.o)
 .text.uffs_winbond_init_flash
                0x0000000000015106       0xa1 esp-idf/uffs/libuffs.a(esp_spi_nand_winbond.c.o)
 .text.uffs_winbond_write_page_with_layout
                0x00000000000151a7       0xa1 esp-idf/uffs/libuffs.a(esp_spi_nand_winbond.c.o)
 .text.uffs_spi_nand_init_winbond
                0x0000000000015248      0x14a esp-idf/uffs/libuffs.a(esp_spi_nand_winbond.c.o)
                0x0000000000015248                uffs_spi_nand_init_winbond
 .text.uffs_micron_init_flash
                0x0000000000015392       0xa1 esp-idf/uffs/libuffs.a(esp_spi_nand_micron.c.o)
 .text.uffs_micron_read_page
                0x0000000000015433      0x22a esp-idf/uffs/libuffs.a(esp_spi_nand_micron.c.o)
 .text.uffs_micron_write_page_with_layout
                0x000000000001565d       0xa1 esp-idf/uffs/libuffs.a(esp_spi_nand_micron.c.o)
 .text.uffs_spi_nand_init_micron
                0x00000000000156fe      0x13f esp-idf/uffs/libuffs.a(esp_spi_nand_micron.c.o)
                0x00000000000156fe                uffs_spi_nand_init_micron
 .text.uffs_alliance_init_flash
                0x000000000001583d       0xa1 esp-idf/uffs/libuffs.a(esp_spi_nand_alliance.c.o)
 .text.uffs_alliance_write_page_with_layout
                0x00000000000158de       0xa1 esp-idf/uffs/libuffs.a(esp_spi_nand_alliance.c.o)
 .text.uffs_spi_nand_init_alliance
                0x000000000001597f      0x13f esp-idf/uffs/libuffs.a(esp_spi_nand_alliance.c.o)
                0x000000000001597f                uffs_spi_nand_init_alliance
 .text.uffs_zetta_init_flash
                0x0000000000015abe       0xa1 esp-idf/uffs/libuffs.a(esp_spi_nand_zetta.c.o)
 .text.uffs_zetta_read_page
                0x0000000000015b5f      0x22c esp-idf/uffs/libuffs.a(esp_spi_nand_zetta.c.o)
 .text.uffs_zetta_write_page_with_layout
                0x0000000000015d8b       0xa1 esp-idf/uffs/libuffs.a(esp_spi_nand_zetta.c.o)
 .text.uffs_spi_nand_init_zetta
                0x0000000000015e2c      0x13f esp-idf/uffs/libuffs.a(esp_spi_nand_zetta.c.o)
                0x0000000000015e2c                uffs_spi_nand_init_zetta
 .text.uffs_xtx_init_flash
                0x0000000000015f6b       0xa1 esp-idf/uffs/libuffs.a(esp_spi_nand_xtx.c.o)
 .text.uffs_xtx_write_page_with_layout
                0x000000000001600c       0xa1 esp-idf/uffs/libuffs.a(esp_spi_nand_xtx.c.o)
 .text.uffs_spi_nand_init_xtx
                0x00000000000160ad      0x13f esp-idf/uffs/libuffs.a(esp_spi_nand_xtx.c.o)
                0x00000000000160ad                uffs_spi_nand_init_xtx
 .text.uffs_gd_init_flash
                0x00000000000161ec       0xa1 esp-idf/uffs/libuffs.a(esp_spi_nand_gd.c.o)
 .text.uffs_gd_read_page
                0x000000000001628d      0x226 esp-idf/uffs/libuffs.a(esp_spi_nand_gd.c.o)
 .text.uffs_gd_write_page_with_layout
                0x00000000000164b3       0xa1 esp-idf/uffs/libuffs.a(esp_spi_nand_gd.c.o)
 .text.uffs_spi_nand_init_gd
                0x0000000000016554      0x147 esp-idf/uffs/libuffs.a(esp_spi_nand_gd.c.o)
                0x0000000000016554                uffs_spi_nand_init_gd
 .text.uffs_EccMakeChunk256
                0x000000000001669b       0x99 esp-idf/uffs/libuffs.a(uffs_ecc.c.o)
 .text.uffs_EccCorrectChunk256
                0x0000000000016734      0x10e esp-idf/uffs/libuffs.a(uffs_ecc.c.o)
 .text.uffs_EccMake
                0x0000000000016842       0x67 esp-idf/uffs/libuffs.a(uffs_ecc.c.o)
                0x0000000000016842                uffs_EccMake
 .text.uffs_EccCorrect
                0x00000000000168a9       0x8c esp-idf/uffs/libuffs.a(uffs_ecc.c.o)
                0x00000000000168a9                uffs_EccCorrect
 .text.uffs_EccMake8
                0x0000000000016935       0x90 esp-idf/uffs/libuffs.a(uffs_ecc.c.o)
                0x0000000000016935                uffs_EccMake8
 .text.uffs_EccCorrect8
                0x00000000000169c5       0xca esp-idf/uffs/libuffs.a(uffs_ecc.c.o)
                0x00000000000169c5                uffs_EccCorrect8
 .text.mock_nand_reset
                0x0000000000016a8f       0xa2 esp-idf/driver/libdriver.a(mock_spi_master.c.o)
                0x0000000000016a8f                mock_nand_reset
 .text.spi_device_transmit
                0x0000000000016b31      0x55d esp-idf/driver/libdriver.a(mock_spi_master.c.o)
                0x0000000000016b31                spi_device_transmit
 .text.spi_device_polling_transmit
                0x000000000001708e       0x12 esp-idf/driver/libdriver.a(mock_spi_master.c.o)
                0x000000000001708e                spi_device_polling_transmit
 .text.esp_restart
                0x00000000000170a0       0x34 esp-idf/esp_system/libesp_system.a(esp_system.c.o)
                0x00000000000170a0                esp_restart
 .text.esp_restart_noos
                0x00000000000170d4       0x20 esp-idf/esp_system/libesp_system.a(system_internal.c.o)
                0x00000000000170d4                esp_restart_noos
 .text.esp_log_early_timestamp
                0x00000000000170f4       0x8c esp-idf/log/liblog.a(log_timestamp.c.o)
                0x00000000000170f4                esp_log_early_timestamp
 .text.esp_log_timestamp
                0x0000000000017180       0x12 esp-idf/log/liblog.a(log_timestamp.c.o)
                0x0000000000017180                esp_log_timestamp
 .text.esp_log_writev
                0x0000000000017192       0x37 esp-idf/log/liblog.a(log_write.c.o)
                0x0000000000017192                esp_log_writev
 .text.esp_log_write
                0x00000000000171c9       0xb0 esp-idf/log/liblog.a(log_write.c.o)
                0x00000000000171c9                esp_log_write
 .text.log_level_get
                0x0000000000017279       0x91 esp-idf/log/liblog.a(tag_log_level.c.o)
 .text.esp_log_level_get_timeout
                0x000000000001730a       0x17 esp-idf/log/liblog.a(tag_log_level.c.o)
                0x000000000001730a                esp_log_level_get_timeout
 .text.esp_log_linked_list_get_level
                0x0000000000017321       0x48 esp-idf/log/liblog.a(log_linked_list.c.o)
                0x0000000000017321                esp_log_linked_list_get_level
 .text.fix_cache_generation_overflow
                0x0000000000017369       0x3d esp-idf/log/liblog.a(log_binary_heap.c.o)
 .text.heap_swap
                0x00000000000173a6       0x31 esp-idf/log/liblog.a(log_binary_heap.c.o)
 .text.heap_bubble_down
                0x00000000000173d7       0x4c esp-idf/log/liblog.a(log_binary_heap.c.o)
 .text.esp_log_cache_get_level
                0x0000000000017423      0x10e esp-idf/log/liblog.a(log_binary_heap.c.o)
                0x0000000000017423                esp_log_cache_get_level
 .text.esp_log_cache_add
                0x0000000000017531       0xb1 esp-idf/log/liblog.a(log_binary_heap.c.o)
                0x0000000000017531                esp_log_cache_add
 .text.esp_log_impl_lock
                0x00000000000175e2       0x3c esp-idf/log/liblog.a(log_lock.c.o)
                0x00000000000175e2                esp_log_impl_lock
 .text.esp_log_impl_lock_timeout
                0x000000000001761e       0x17 esp-idf/log/liblog.a(log_lock.c.o)
                0x000000000001761e                esp_log_impl_lock_timeout
 .text.esp_log_impl_unlock
                0x0000000000017635       0x3c esp-idf/log/liblog.a(log_lock.c.o)
                0x0000000000017635                esp_log_impl_unlock
 .text.heap_caps_alloc_failed
                0x0000000000017671       0x18 esp-idf/heap/libheap.a(heap_caps_linux.c.o)
 .text.heap_caps_malloc_base
                0x0000000000017689       0x3e esp-idf/heap/libheap.a(heap_caps_linux.c.o)
 .text.heap_caps_malloc
                0x00000000000176c7       0x12 esp-idf/heap/libheap.a(heap_caps_linux.c.o)
                0x00000000000176c7                heap_caps_malloc
 .text.heap_caps_free
                0x00000000000176d9       0x12 esp-idf/heap/libheap.a(heap_caps_linux.c.o)
                0x00000000000176d9                heap_caps_free
 *(.gnu.warning)

.fini           0x00000000000176ec        0xd
 *(SORT_NONE(.fini))
 .fini          0x00000000000176ec        0x8 /usr/lib/gcc/x86_64-linux-gnu/13/../../../x86_64-linux-gnu/crti.o
                0x00000000000176ec                _fini
 .fini          0x00000000000176f4        0x5 /usr/lib/gcc/x86_64-linux-gnu/13/../../../x86_64-linux-gnu/crtn.o
                [!provide]                        PROVIDE (__etext = .)
                [!provide]                        PROVIDE (_etext = .)
                [!provide]                        PROVIDE (etext = .)
                0x0000000000018000                . = ALIGN (CONSTANT (MAXPAGESIZE))
                0x0000000000018000                . = SEGMENT_START ("rodata-segment", (ALIGN (CONSTANT (MAXPAGESIZE)) + (. & (CONSTANT (MAXPAGESIZE) - 0x1))))

.rodata         0x0000000000018000     0x40b6
 *(.rodata .rodata.* .gnu.linkonce.r.*)
 .rodata.__assert_func.str1.1
                0x0000000000018000      0xe31 esp-idf/esp_rom/libesp_rom.a(esp_rom_sys.c.o)
                                          0xe (size before relaxing)
 *fill*         0x0000000000018e31        0x7 
 .rodata.__assert_func.str1.8
                0x0000000000018e38     0x2873 esp-idf/esp_rom/libesp_rom.a(esp_rom_sys.c.o)
                                         0x2f (size before relaxing)
 .rodata.ets_vprintf.str1.1